Archive member included to satisfy reference by file (symbol)

/home/phillip/.pico-sdk/toolchain/15_2_Rel1/bin/../lib/gcc/arm-none-eabi/15.2.1/thumb/v8-m.main+fp/softfp/libgcc.a(_arm_addsubdf3.o)
                              CMakeFiles/MyBlinkerWithRTTMods.dir/home/phillip/.pico-sdk/sdk/2.3.0/src/rp2_common/pico_float/float_math.c.o (__aeabi_f2d)
/home/phillip/.pico-sdk/toolchain/15_2_Rel1/bin/../lib/gcc/arm-none-eabi/15.2.1/thumb/v8-m.main+fp/softfp/libgcc.a(_aeabi_ldivmod.o)
                              CMakeFiles/MyBlinkerWithRTTMods.dir/home/phillip/.pico-sdk/sdk/2.3.0/src/common/pico_time/time.c.o (__aeabi_ldivmod)
/home/phillip/.pico-sdk/toolchain/15_2_Rel1/bin/../lib/gcc/arm-none-eabi/15.2.1/thumb/v8-m.main+fp/softfp/libgcc.a(_aeabi_uldivmod.o)
                              CMakeFiles/MyBlinkerWithRTTMods.dir/home/phillip/.pico-sdk/sdk/2.3.0/src/rp2_common/hardware_clocks/clocks.c.o (__aeabi_uldivmod)
/home/phillip/.pico-sdk/toolchain/15_2_Rel1/bin/../lib/gcc/arm-none-eabi/15.2.1/thumb/v8-m.main+fp/softfp/libgcc.a(_udivmoddi4.o)
                              /home/phillip/.pico-sdk/toolchain/15_2_Rel1/bin/../lib/gcc/arm-none-eabi/15.2.1/thumb/v8-m.main+fp/softfp/libgcc.a(_aeabi_ldivmod.o) (__udivmoddi4)
/home/phillip/.pico-sdk/toolchain/15_2_Rel1/bin/../lib/gcc/arm-none-eabi/15.2.1/thumb/v8-m.main+fp/softfp/libgcc.a(_dvmd_tls.o)
                              /home/phillip/.pico-sdk/toolchain/15_2_Rel1/bin/../lib/gcc/arm-none-eabi/15.2.1/thumb/v8-m.main+fp/softfp/libgcc.a(_aeabi_ldivmod.o) (__aeabi_ldiv0)
/home/phillip/.pico-sdk/toolchain/15_2_Rel1/bin/../lib/gcc/arm-none-eabi/15.2.1/../../../../arm-none-eabi/lib/thumb/v8-m.main+fp/softfp/libg.a(libc_a-calloc.o)
                              CMakeFiles/MyBlinkerWithRTTMods.dir/home/phillip/.pico-sdk/sdk/2.3.0/src/rp2_common/pico_malloc/malloc.c.o (calloc)
/home/phillip/.pico-sdk/toolchain/15_2_Rel1/bin/../lib/gcc/arm-none-eabi/15.2.1/../../../../arm-none-eabi/lib/thumb/v8-m.main+fp/softfp/libg.a(libc_a-callocr.o)
                              /home/phillip/.pico-sdk/toolchain/15_2_Rel1/bin/../lib/gcc/arm-none-eabi/15.2.1/../../../../arm-none-eabi/lib/thumb/v8-m.main+fp/softfp/libg.a(libc_a-calloc.o) (_calloc_r)
/home/phillip/.pico-sdk/toolchain/15_2_Rel1/bin/../lib/gcc/arm-none-eabi/15.2.1/../../../../arm-none-eabi/lib/thumb/v8-m.main+fp/softfp/libg.a(libc_a-malloc.o)
                              CMakeFiles/MyBlinkerWithRTTMods.dir/home/phillip/.pico-sdk/sdk/2.3.0/src/rp2_common/pico_malloc/malloc.c.o (malloc)
/home/phillip/.pico-sdk/toolchain/15_2_Rel1/bin/../lib/gcc/arm-none-eabi/15.2.1/../../../../arm-none-eabi/lib/thumb/v8-m.main+fp/softfp/libg.a(libc_a-mallocr.o)
                              /home/phillip/.pico-sdk/toolchain/15_2_Rel1/bin/../lib/gcc/arm-none-eabi/15.2.1/../../../../arm-none-eabi/lib/thumb/v8-m.main+fp/softfp/libg.a(libc_a-callocr.o) (_malloc_r)
/home/phillip/.pico-sdk/toolchain/15_2_Rel1/bin/../lib/gcc/arm-none-eabi/15.2.1/../../../../arm-none-eabi/lib/thumb/v8-m.main+fp/softfp/libg.a(libc_a-mlock.o)
                              /home/phillip/.pico-sdk/toolchain/15_2_Rel1/bin/../lib/gcc/arm-none-eabi/15.2.1/../../../../arm-none-eabi/lib/thumb/v8-m.main+fp/softfp/libg.a(libc_a-mallocr.o) (__malloc_lock)
/home/phillip/.pico-sdk/toolchain/15_2_Rel1/bin/../lib/gcc/arm-none-eabi/15.2.1/../../../../arm-none-eabi/lib/thumb/v8-m.main+fp/softfp/libg.a(libc_a-realloc.o)
                              CMakeFiles/MyBlinkerWithRTTMods.dir/home/phillip/.pico-sdk/sdk/2.3.0/src/rp2_common/pico_malloc/malloc.c.o (realloc)
/home/phillip/.pico-sdk/toolchain/15_2_Rel1/bin/../lib/gcc/arm-none-eabi/15.2.1/../../../../arm-none-eabi/lib/thumb/v8-m.main+fp/softfp/libg.a(libc_a-reallocr.o)
                              /home/phillip/.pico-sdk/toolchain/15_2_Rel1/bin/../lib/gcc/arm-none-eabi/15.2.1/../../../../arm-none-eabi/lib/thumb/v8-m.main+fp/softfp/libg.a(libc_a-realloc.o) (_realloc_r)
/home/phillip/.pico-sdk/toolchain/15_2_Rel1/bin/../lib/gcc/arm-none-eabi/15.2.1/../../../../arm-none-eabi/lib/thumb/v8-m.main+fp/softfp/libg.a(libc_a-memcmp.o)
                              CMakeFiles/MyBlinkerWithRTTMods.dir/home/phillip/.pico-sdk/sdk/2.3.0/src/rp2_common/pico_atomic/atomic.c.o (memcmp)
/home/phillip/.pico-sdk/toolchain/15_2_Rel1/bin/../lib/gcc/arm-none-eabi/15.2.1/../../../../arm-none-eabi/lib/thumb/v8-m.main+fp/softfp/libg.a(libc_a-memmove.o)
                              /home/phillip/.pico-sdk/toolchain/15_2_Rel1/bin/../lib/gcc/arm-none-eabi/15.2.1/../../../../arm-none-eabi/lib/thumb/v8-m.main+fp/softfp/libg.a(libc_a-reallocr.o) (memmove)
/home/phillip/.pico-sdk/toolchain/15_2_Rel1/bin/../lib/gcc/arm-none-eabi/15.2.1/../../../../arm-none-eabi/lib/thumb/v8-m.main+fp/softfp/libg.a(libc_a-memset.o)
                              CMakeFiles/MyBlinkerWithRTTMods.dir/home/phillip/.pico-sdk/sdk/2.3.0/src/rp2_common/pico_stdio_rtt/SEGGER/RTT/SEGGER_RTT.c.o (memset)
[...]
Memory Configuration

Name             Origin             Length             Attributes
FLASH            0x10000000         0x00400000         xr
PSRAM            0x11000000         0x00000000         xrw
XIP_RAM          0x13ffc000         0x00004000         xrw
RAM              0x20000000         0x00080000         xrw
SCRATCH_X        0x20080000         0x00001000         xrw
SCRATCH_Y        0x20081000         0x00001000         xrw
*default*        0x00000000         0xffffffff

Linker script and memory map

                0x20000000                        RAM_ORIGIN_DEFAULT = 0x20000000
                0x00080000                        RAM_LENGTH_DEFAULT = 0x80000
                0x20080000                        SCRATCH_X_ORIGIN_DEFAULT = 0x20080000
                0x00001000                        SCRATCH_X_LENGTH_DEFAULT = 0x1000
                0x20081000                        SCRATCH_Y_ORIGIN_DEFAULT = 0x20081000
                0x00001000                        SCRATCH_Y_LENGTH_DEFAULT = 0x1000
                0x13ffc000                        XIP_RAM_ORIGIN_DEFAULT = 0x13ffc000
                0x00004000                        XIP_RAM_LENGTH_DEFAULT = 0x4000
LOAD CMakeFiles/MyBlinkerWithRTTMods.dir/MyBlinkerWithRTTMods.cpp.o
LOAD CMakeFiles/MyBlinkerWithRTTMods.dir/home/phillip/.pico-sdk/sdk/2.3.0/src/rp2_common/pico_stdlib/stdlib.c.o
LOAD CMakeFiles/MyBlinkerWithRTTMods.dir/home/phillip/.pico-sdk/sdk/2.3.0/src/rp2_common/hardware_gpio/gpio.c.o
LOAD CMakeFiles/MyBlinkerWithRTTMods.dir/home/phillip/.pico-sdk/sdk/2.3.0/src/rp2350/pico_platform/platform.c.o
LOAD CMakeFiles/MyBlinkerWithRTTMods.dir/home/phillip/.pico-sdk/sdk/2.3.0/src/rp2_common/pico_platform_common/common.c.o
LOAD CMakeFiles/MyBlinkerWithRTTMods.dir/home/phillip/.pico-sdk/sdk/2.3.0/src/rp2_common/pico_platform_panic/panic.c.o
LOAD CMakeFiles/MyBlinkerWithRTTMods.dir/home/phillip/.pico-sdk/sdk/2.3.0/src/rp2_common/pico_platform_panic/custom_panic_function.S.o
LOAD CMakeFiles/MyBlinkerWithRTTMods.dir/home/phillip/.pico-sdk/sdk/2.3.0/src/common/hardware_claim/claim.c.o
LOAD CMakeFiles/MyBlinkerWithRTTMods.dir/home/phillip/.pico-sdk/sdk/2.3.0/src/rp2_common/hardware_sync/sync.c.o
LOAD CMakeFiles/MyBlinkerWithRTTMods.dir/home/phillip/.pico-sdk/sdk/2.3.0/src/rp2_common/hardware_sync_spin_lock/sync_spin_lock.c.o
LOAD CMakeFiles/MyBlinkerWithRTTMods.dir/home/phillip/.pico-sdk/sdk/2.3.0/src/rp2_common/hardware_irq/irq.c.o
LOAD CMakeFiles/MyBlinkerWithRTTMods.dir/home/phillip/.pico-sdk/sdk/2.3.0/src/rp2_common/hardware_irq/irq_handler_chain.S.o
LOAD CMakeFiles/MyBlinkerWithRTTMods.dir/home/phillip/.pico-sdk/sdk/2.3.0/src/common/pico_sync/sem.c.o
LOAD CMakeFiles/MyBlinkerWithRTTMods.dir/home/phillip/.pico-sdk/sdk/2.3.0/src/common/pico_sync/lock_core.c.o
LOAD CMakeFiles/MyBlinkerWithRTTMods.dir/home/phillip/.pico-sdk/sdk/2.3.0/src/common/pico_sync/mutex.c.o
LOAD CMakeFiles/MyBlinkerWithRTTMods.dir/home/phillip/.pico-sdk/sdk/2.3.0/src/common/pico_sync/critical_section.c.o
LOAD CMakeFiles/MyBlinkerWithRTTMods.dir/home/phillip/.pico-sdk/sdk/2.3.0/src/common/pico_time/time.c.o
LOAD CMakeFiles/MyBlinkerWithRTTMods.dir/home/phillip/.pico-sdk/sdk/2.3.0/src/common/pico_time/timeout_helper.c.o
LOAD CMakeFiles/MyBlinkerWithRTTMods.dir/home/phillip/.pico-sdk/sdk/2.3.0/src/rp2_common/hardware_timer/timer.c.o
LOAD CMakeFiles/MyBlinkerWithRTTMods.dir/home/phillip/.pico-sdk/sdk/2.3.0/src/common/pico_util/datetime.c.o
LOAD CMakeFiles/MyBlinkerWithRTTMods.dir/home/phillip/.pico-sdk/sdk/2.3.0/src/common/pico_util/fixed_bitset.c.o
LOAD CMakeFiles/MyBlinkerWithRTTMods.dir/home/phillip/.pico-sdk/sdk/2.3.0/src/common/pico_util/pheap.c.o
LOAD CMakeFiles/MyBlinkerWithRTTMods.dir/home/phillip/.pico-sdk/sdk/2.3.0/src/common/pico_util/queue.c.o
LOAD CMakeFiles/MyBlinkerWithRTTMods.dir/home/phillip/.pico-sdk/sdk/2.3.0/src/rp2_common/hardware_uart/uart.c.o
LOAD CMakeFiles/MyBlinkerWithRTTMods.dir/home/phillip/.pico-sdk/sdk/2.3.0/src/rp2_common/hardware_clocks/clocks.c.o
LOAD CMakeFiles/MyBlinkerWithRTTMods.dir/home/phillip/.pico-sdk/sdk/2.3.0/src/rp2_common/hardware_pll/pll.c.o
LOAD CMakeFiles/MyBlinkerWithRTTMods.dir/home/phillip/.pico-sdk/sdk/2.3.0/src/rp2_common/hardware_vreg/vreg.c.o
LOAD CMakeFiles/MyBlinkerWithRTTMods.dir/home/phillip/.pico-sdk/sdk/2.3.0/src/rp2_common/hardware_watchdog/watchdog.c.o
LOAD CMakeFiles/MyBlinkerWithRTTMods.dir/home/phillip/.pico-sdk/sdk/2.3.0/src/rp2_common/hardware_ticks/ticks.c.o
LOAD CMakeFiles/MyBlinkerWithRTTMods.dir/home/phillip/.pico-sdk/sdk/2.3.0/src/rp2_common/pico_bootrom/bootrom.c.o
LOAD CMakeFiles/MyBlinkerWithRTTMods.dir/home/phillip/.pico-sdk/sdk/2.3.0/src/rp2_common/pico_bootrom/bootrom_lock.c.o
LOAD CMakeFiles/MyBlinkerWithRTTMods.dir/home/phillip/.pico-sdk/sdk/2.3.0/src/rp2_common/hardware_boot_lock/boot_lock.c.o
LOAD CMakeFiles/MyBlinkerWithRTTMods.dir/home/phillip/.pico-sdk/sdk/2.3.0/src/rp2_common/pico_flash/flash.c.o
LOAD CMakeFiles/MyBlinkerWithRTTMods.dir/home/phillip/.pico-sdk/sdk/2.3.0/src/rp2_common/hardware_xosc/xosc.c.o
LOAD CMakeFiles/MyBlinkerWithRTTMods.dir/home/phillip/.pico-sdk/sdk/2.3.0/src/rp2_common/hardware_divider/divider.c.o
LOAD CMakeFiles/MyBlinkerWithRTTMods.dir/home/phillip/.pico-sdk/sdk/2.3.0/src/rp2_common/pico_runtime/runtime.c.o
LOAD CMakeFiles/MyBlinkerWithRTTMods.dir/home/phillip/.pico-sdk/sdk/2.3.0/src/rp2_common/pico_runtime_init/runtime_init.c.o
LOAD CMakeFiles/MyBlinkerWithRTTMods.dir/home/phillip/.pico-sdk/sdk/2.3.0/src/rp2_common/pico_runtime_init/runtime_init_clocks.c.o
LOAD CMakeFiles/MyBlinkerWithRTTMods.dir/home/phillip/.pico-sdk/sdk/2.3.0/src/rp2_common/pico_runtime_init/runtime_init_stack_guard.c.o
LOAD CMakeFiles/MyBlinkerWithRTTMods.dir/home/phillip/.pico-sdk/sdk/2.3.0/src/rp2_common/pico_bit_ops/bit_ops_aeabi.S.o
LOAD CMakeFiles/MyBlinkerWithRTTMods.dir/home/phillip/.pico-sdk/sdk/2.3.0/src/rp2_common/pico_divider/divider_compiler.c.o
LOAD CMakeFiles/MyBlinkerWithRTTMods.dir/home/phillip/.pico-sdk/sdk/2.3.0/src/rp2_common/pico_double/double_math.c.o
LOAD CMakeFiles/MyBlinkerWithRTTMods.dir/home/phillip/.pico-sdk/sdk/2.3.0/src/rp2_common/pico_double/double_aeabi_dcp.S.o
LOAD CMakeFiles/MyBlinkerWithRTTMods.dir/home/phillip/.pico-sdk/sdk/2.3.0/src/rp2_common/pico_double/double_fma_dcp.S.o
LOAD CMakeFiles/MyBlinkerWithRTTMods.dir/home/phillip/.pico-sdk/sdk/2.3.0/src/rp2_common/pico_double/double_sci_m33.S.o
LOAD CMakeFiles/MyBlinkerWithRTTMods.dir/home/phillip/.pico-sdk/sdk/2.3.0/src/rp2_common/pico_double/double_conv_m33.S.o
LOAD CMakeFiles/MyBlinkerWithRTTMods.dir/home/phillip/.pico-sdk/sdk/2.3.0/src/rp2_common/pico_float/float_math.c.o
LOAD CMakeFiles/MyBlinkerWithRTTMods.dir/home/phillip/.pico-sdk/sdk/2.3.0/src/rp2_common/pico_float/float_conv32_vfp.S.o
LOAD CMakeFiles/MyBlinkerWithRTTMods.dir/home/phillip/.pico-sdk/sdk/2.3.0/src/rp2_common/pico_float/float_common_m33.S.o
LOAD CMakeFiles/MyBlinkerWithRTTMods.dir/home/phillip/.pico-sdk/sdk/2.3.0/src/rp2_common/pico_float/float_sci_m33_vfp.S.o
LOAD CMakeFiles/MyBlinkerWithRTTMods.dir/home/phillip/.pico-sdk/sdk/2.3.0/src/rp2_common/pico_malloc/malloc.c.o
LOAD CMakeFiles/MyBlinkerWithRTTMods.dir/home/phillip/.pico-sdk/sdk/2.3.0/src/rp2_common/pico_atomic/atomic.c.o
LOAD CMakeFiles/MyBlinkerWithRTTMods.dir/home/phillip/.pico-sdk/sdk/2.3.0/src/rp2_common/pico_cxx_options/new_delete.cpp.o
LOAD CMakeFiles/MyBlinkerWithRTTMods.dir/home/phillip/.pico-sdk/sdk/2.3.0/src/rp2_common/pico_standard_binary_info/standard_binary_info.c.o
LOAD CMakeFiles/MyBlinkerWithRTTMods.dir/home/phillip/.pico-sdk/sdk/2.3.0/src/rp2_common/pico_printf/printf.c.o
LOAD CMakeFiles/MyBlinkerWithRTTMods.dir/home/phillip/.pico-sdk/sdk/2.3.0/src/rp2_common/pico_crt0/crt0.S.o
LOAD CMakeFiles/MyBlinkerWithRTTMods.dir/home/phillip/.pico-sdk/sdk/2.3.0/src/rp2_common/pico_clib_interface/newlib_interface.c.o
LOAD CMakeFiles/MyBlinkerWithRTTMods.dir/home/phillip/.pico-sdk/sdk/2.3.0/src/rp2_common/pico_clib_interface/cxa_guard.c.o
LOAD CMakeFiles/MyBlinkerWithRTTMods.dir/home/phillip/.pico-sdk/sdk/2.3.0/src/rp2_common/pico_stdio/stdio.c.o
LOAD CMakeFiles/MyBlinkerWithRTTMods.dir/home/phillip/.pico-sdk/sdk/2.3.0/src/rp2_common/pico_stdio_rtt/stdio_rtt.c.o
LOAD CMakeFiles/MyBlinkerWithRTTMods.dir/home/phillip/.pico-sdk/sdk/2.3.0/src/rp2_common/pico_stdio_rtt/SEGGER/RTT/SEGGER_RTT.c.o
LOAD CMakeFiles/MyBlinkerWithRTTMods.dir/home/phillip/.pico-sdk/sdk/2.3.0/src/rp2_common/pico_thread_local/thread_local.c.o
LOAD pico-sdk/src/rp2350/boot_stage2/CMakeFiles/bs2_default_library.dir/./bs2_default_padded.S.o
LOAD /home/phillip/.pico-sdk/toolchain/15_2_Rel1/bin/../lib/gcc/arm-none-eabi/15.2.1/../../../../arm-none-eabi/lib/thumb/v8-m.main+fp/softfp/libstdc++.a
LOAD /home/phillip/.pico-sdk/toolchain/15_2_Rel1/bin/../lib/gcc/arm-none-eabi/15.2.1/../../../../arm-none-eabi/lib/thumb/v8-m.main+fp/softfp/libm.a
START GROUP
LOAD /home/phillip/.pico-sdk/toolchain/15_2_Rel1/bin/../lib/gcc/arm-none-eabi/15.2.1/thumb/v8-m.main+fp/softfp/libgcc.a
LOAD /home/phillip/.pico-sdk/toolchain/15_2_Rel1/bin/../lib/gcc/arm-none-eabi/15.2.1/../../../../arm-none-eabi/lib/thumb/v8-m.main+fp/softfp/libg.a
LOAD /home/phillip/.pico-sdk/toolchain/15_2_Rel1/bin/../lib/gcc/arm-none-eabi/15.2.1/../../../../arm-none-eabi/lib/thumb/v8-m.main+fp/softfp/libc.a
END GROUP
                0x20000000                        PROVIDE (RAM_ORIGIN = RAM_ORIGIN_DEFAULT)
                0x00080000                        PROVIDE (RAM_LENGTH = RAM_LENGTH_DEFAULT)
                0x20080000                        PROVIDE (SCRATCH_X_ORIGIN = SCRATCH_X_ORIGIN_DEFAULT)
                0x00001000                        PROVIDE (SCRATCH_X_LENGTH = SCRATCH_X_LENGTH_DEFAULT)
                0x20081000                        PROVIDE (SCRATCH_Y_ORIGIN = SCRATCH_Y_ORIGIN_DEFAULT)
                0x00001000                        PROVIDE (SCRATCH_Y_LENGTH = SCRATCH_Y_LENGTH_DEFAULT)
                0x13ffc000                        PROVIDE (XIP_RAM_ORIGIN = XIP_RAM_ORIGIN_DEFAULT)
                0x00004000                        PROVIDE (XIP_RAM_LENGTH = XIP_RAM_LENGTH_DEFAULT)
                0x20000000                        RAM_ORIGIN = DEFINED (RAM_ORIGIN)?RAM_ORIGIN:RAM_ORIGIN_DEFAULT
                0x00080000                        RAM_LENGTH = DEFINED (RAM_LENGTH)?RAM_LENGTH:RAM_LENGTH_DEFAULT
                0x20080000                        SCRATCH_X_ORIGIN = DEFINED (SCRATCH_X_ORIGIN)?SCRATCH_X_ORIGIN:SCRATCH_X_ORIGIN_DEFAULT
                0x00001000                        SCRATCH_X_LENGTH = DEFINED (SCRATCH_X_LENGTH)?SCRATCH_X_LENGTH:SCRATCH_X_LENGTH_DEFAULT
                0x20081000                        SCRATCH_Y_ORIGIN = DEFINED (SCRATCH_Y_ORIGIN)?SCRATCH_Y_ORIGIN:SCRATCH_Y_ORIGIN_DEFAULT
                0x00001000                        SCRATCH_Y_LENGTH = DEFINED (SCRATCH_Y_LENGTH)?SCRATCH_Y_LENGTH:SCRATCH_Y_LENGTH_DEFAULT
                0x13ffc000                        XIP_RAM_ORIGIN = DEFINED (XIP_RAM_ORIGIN)?XIP_RAM_ORIGIN:XIP_RAM_ORIGIN_DEFAULT
                0x00004000                        XIP_RAM_LENGTH = DEFINED (XIP_RAM_LENGTH)?XIP_RAM_LENGTH:XIP_RAM_LENGTH_DEFAULT

.flash_begin    0x10000000        0x0
                0x10000000                        __flash_binary_start = .

.text           0x10000000     0x2e90
                0x10000000                        __logical_binary_start = .
 *(.vectors)
 .vectors       0x10000000      0x124 CMakeFiles/MyBlinkerWithRTTMods.dir/home/phillip/.pico-sdk/sdk/2.3.0/src/rp2_common/pico_crt0/crt0.S.o
                0x10000000                __vectors
                0x10000000                __VECTOR_TABLE
                0x10000110                isr_securefault
                0x10000110                isr_irq30
                0x10000110                __unhandled_user_irq
                0x10000110                isr_irq49
                0x10000110                isr_irq13
                0x10000110                isr_irq43
                0x10000110                isr_irq45
                0x10000110                isr_irq27
                0x10000110                isr_irq32
                0x10000110                isr_irq31
                0x10000110                isr_irq5
                0x10000110                isr_irq11
                0x10000110                isr_irq23
                0x10000110                isr_usagefault
                0x10000110                isr_irq48
                0x10000110                isr_irq35
                0x10000110                isr_irq18
                0x10000110                isr_irq50
                0x10000110                isr_irq40
                0x10000110                isr_irq28
                0x10000110                isr_irq19
                0x10000110                isr_irq36
                0x10000110                isr_irq41
                0x10000110                isr_irq0
                0x10000110                isr_irq6
                0x10000110                isr_memmanage
                0x10000110                isr_irq37
                0x10000110                isr_irq42
                0x10000110                isr_irq22
                0x10000110                isr_irq17
                0x10000110                isr_irq38
                0x10000110                isr_irq14
                0x10000110                __vectors_end
                0x10000110                __default_isrs_start
                0x10000110                isr_irq2
                0x10000110                isr_irq10
                0x10000110                isr_irq8
                0x10000110                isr_debugmonitor
                0x10000110                isr_irq24
                0x10000110                isr_irq46
                0x10000110                isr_irq1
                0x10000110                isr_irq47
                0x10000110                isr_irq51
                0x10000110                isr_irq7
                0x10000110                isr_irq21
                0x10000110                isr_irq39
                0x10000110                isr_irq20
                0x10000110                isr_irq15
                0x10000110                isr_irq25
                0x10000110                isr_irq34
                0x10000110                isr_irq4
                0x10000110                isr_busfault
                0x10000110                isr_irq16
                0x10000110                isr_irq44
                0x10000110                isr_irq29
                0x10000110                isr_irq26
                0x10000110                isr_irq33
                0x10000110                isr_irq3
                0x10000110                isr_irq12
                0x10000110                isr_irq9
                0x10000116                unhandled_user_irq_num_in_r0
                0x10000118                isr_invalid
                0x1000011a                isr_nmi
                0x1000011c                isr_hardfault
                0x1000011e                isr_svcall
                0x10000120                isr_pendsv
                0x10000122                isr_systick
                0x10000124                __default_isrs_end
 *(.binary_info_header)
 .binary_info_header
                0x10000124       0x14 CMakeFiles/MyBlinkerWithRTTMods.dir/home/phillip/.pico-sdk/sdk/2.3.0/src/rp2_common/pico_crt0/crt0.S.o
                0x10000138                        __binary_info_header_end = .
 *(.embedded_block)
 .embedded_block
                0x10000138       0x14 CMakeFiles/MyBlinkerWithRTTMods.dir/home/phillip/.pico-sdk/sdk/2.3.0/src/rp2_common/pico_crt0/crt0.S.o
                0x1000014c                        __embedded_block_end = .
 *(.reset)
 .reset         0x1000014c       0x94 CMakeFiles/MyBlinkerWithRTTMods.dir/home/phillip/.pico-sdk/sdk/2.3.0/src/rp2_common/pico_crt0/crt0.S.o
                0x1000014c                _entry_point
 *(.init)
 *libgcc.a:cmse_nonsecure_call.o()
 *(EXCLUDE_FILE(*libm.a: *lib*_a-mem*.o *libc.a: *libgcc.a:) .text*)
 .text.main     0x100001e0       0xa0 CMakeFiles/MyBlinkerWithRTTMods.dir/MyBlinkerWithRTTMods.cpp.o
                0x100001e0                main
 .text.gpio_set_function
                0x10000280       0x38 CMakeFiles/MyBlinkerWithRTTMods.dir/home/phillip/.pico-sdk/sdk/2.3.0/src/rp2_common/hardware_gpio/gpio.c.o
                0x10000280                gpio_set_function
 .text.gpio_init
                0x100002b8       0x16 CMakeFiles/MyBlinkerWithRTTMods.dir/home/phillip/.pico-sdk/sdk/2.3.0/src/rp2_common/hardware_gpio/gpio.c.o
                0x100002b8                gpio_init
 *fill*         0x100002ce        0x2 
 .text.panic    0x100002d0       0x30 CMakeFiles/MyBlinkerWithRTTMods.dir/home/phillip/.pico-sdk/sdk/2.3.0/src/rp2_common/pico_platform_panic/panic.c.o
                0x100002d0                panic
 .text.hw_claim_lock
                0x10000300       0x24 CMakeFiles/MyBlinkerWithRTTMods.dir/home/phillip/.pico-sdk/sdk/2.3.0/src/common/hardware_claim/claim.c.o
                0x10000300                hw_claim_lock
 .text.hw_claim_unlock
                0x10000324       0x14 CMakeFiles/MyBlinkerWithRTTMods.dir/home/phillip/.pico-sdk/sdk/2.3.0/src/common/hardware_claim/claim.c.o
                0x10000324                hw_claim_unlock
 .text.hw_claim_or_assert
                0x10000338       0x32 CMakeFiles/MyBlinkerWithRTTMods.dir/home/phillip/.pico-sdk/sdk/2.3.0/src/common/hardware_claim/claim.c.o
                0x10000338                hw_claim_or_assert
 *fill*         0x1000036a        0x2 
 .text.next_striped_spin_lock_num
                0x1000036c       0x1c CMakeFiles/MyBlinkerWithRTTMods.dir/home/phillip/.pico-sdk/sdk/2.3.0/src/rp2_common/hardware_sync/sync.c.o
                0x1000036c                next_striped_spin_lock_num
 .text.spinlock_set_extexclall
                0x10000388        0xe CMakeFiles/MyBlinkerWithRTTMods.dir/home/phillip/.pico-sdk/sdk/2.3.0/src/rp2_common/hardware_sync_spin_lock/sync_spin_lock.c.o
 *fill*         0x10000396        0x2 
 .text.spin_locks_reset
                0x10000398       0x1c CMakeFiles/MyBlinkerWithRTTMods.dir/home/phillip/.pico-sdk/sdk/2.3.0/src/rp2_common/hardware_sync_spin_lock/sync_spin_lock.c.o
                0x10000398                spin_locks_reset
 .text.set_raw_irq_handler_and_unlock
                0x100003b4       0x24 CMakeFiles/MyBlinkerWithRTTMods.dir/home/phillip/.pico-sdk/sdk/2.3.0/src/rp2_common/hardware_irq/irq.c.o
 .text.nvic_ipr0
                0x100003d8        0x8 CMakeFiles/MyBlinkerWithRTTMods.dir/home/phillip/.pico-sdk/sdk/2.3.0/src/rp2_common/hardware_irq/irq.c.o
 .text.runtime_init_per_core_irq_priorities
                0x100003e0       0x1c CMakeFiles/MyBlinkerWithRTTMods.dir/home/phillip/.pico-sdk/sdk/2.3.0/src/rp2_common/hardware_irq/irq.c.o
                0x100003e0                runtime_init_per_core_irq_priorities
 .text.irq_set_mask_n_enabled
                0x100003fc       0x20 CMakeFiles/MyBlinkerWithRTTMods.dir/home/phillip/.pico-sdk/sdk/2.3.0/src/rp2_common/hardware_irq/irq.c.o
                0x100003fc                irq_set_mask_n_enabled
 .text.irq_set_enabled
                0x1000041c       0x14 CMakeFiles/MyBlinkerWithRTTMods.dir/home/phillip/.pico-sdk/sdk/2.3.0/src/rp2_common/hardware_irq/irq.c.o
                0x1000041c                irq_set_enabled
 .text.irq_get_vtable_handler
                0x10000430       0x10 CMakeFiles/MyBlinkerWithRTTMods.dir/home/phillip/.pico-sdk/sdk/2.3.0/src/rp2_common/hardware_irq/irq.c.o
                0x10000430                irq_get_vtable_handler
 .text.irq_set_exclusive_handler
                0x10000440       0x64 CMakeFiles/MyBlinkerWithRTTMods.dir/home/phillip/.pico-sdk/sdk/2.3.0/src/rp2_common/hardware_irq/irq.c.o
                0x10000440                irq_set_exclusive_handler
 .text.lock_init
                0x100004a4        0xc CMakeFiles/MyBlinkerWithRTTMods.dir/home/phillip/.pico-sdk/sdk/2.3.0/src/common/pico_sync/lock_core.c.o
                0x100004a4                lock_init
 .text.mutex_init
                0x100004b0       0x1a CMakeFiles/MyBlinkerWithRTTMods.dir/home/phillip/.pico-sdk/sdk/2.3.0/src/common/pico_sync/mutex.c.o
                0x100004b0                mutex_init
 .text.recursive_mutex_init
                0x100004ca       0x1e CMakeFiles/MyBlinkerWithRTTMods.dir/home/phillip/.pico-sdk/sdk/2.3.0/src/common/pico_sync/mutex.c.o
                0x100004ca                recursive_mutex_init
 .text.runtime_init_mutex
                0x100004e8       0x4c CMakeFiles/MyBlinkerWithRTTMods.dir/home/phillip/.pico-sdk/sdk/2.3.0/src/common/pico_sync/mutex.c.o
                0x100004e8                runtime_init_mutex
 .text.ta_from_current_irq
                0x10000534       0x24 CMakeFiles/MyBlinkerWithRTTMods.dir/home/phillip/.pico-sdk/sdk/2.3.0/src/common/pico_time/time.c.o
 .text.ta_set_timeout
                0x10000558       0x2e CMakeFiles/MyBlinkerWithRTTMods.dir/home/phillip/.pico-sdk/sdk/2.3.0/src/common/pico_time/time.c.o
 .text.make_alarm_id
                0x10000586        0x6 CMakeFiles/MyBlinkerWithRTTMods.dir/home/phillip/.pico-sdk/sdk/2.3.0/src/common/pico_time/time.c.o
 .text.sleep_until_callback
                0x1000058c       0x4c CMakeFiles/MyBlinkerWithRTTMods.dir/home/phillip/.pico-sdk/sdk/2.3.0/src/common/pico_time/time.c.o
 .text.alarm_pool_irq_handler
                0x100005d8      0x2ec CMakeFiles/MyBlinkerWithRTTMods.dir/home/phillip/.pico-sdk/sdk/2.3.0/src/common/pico_time/time.c.o
 .text.ta_enable_irq_handler
                0x100008c4       0x38 CMakeFiles/MyBlinkerWithRTTMods.dir/home/phillip/.pico-sdk/sdk/2.3.0/src/common/pico_time/time.c.o
 .text.alarm_pool_post_alloc_init
                0x100008fc       0x7c CMakeFiles/MyBlinkerWithRTTMods.dir/home/phillip/.pico-sdk/sdk/2.3.0/src/common/pico_time/time.c.o
 .text.alarm_pool_get_default
                0x10000978       0x28 CMakeFiles/MyBlinkerWithRTTMods.dir/home/phillip/.pico-sdk/sdk/2.3.0/src/common/pico_time/time.c.o
                0x10000978                alarm_pool_get_default
 .text.alarm_pool_add_alarm_at_force_in_context
                0x100009a0       0xc0 CMakeFiles/MyBlinkerWithRTTMods.dir/home/phillip/.pico-sdk/sdk/2.3.0/src/common/pico_time/time.c.o
                0x100009a0                alarm_pool_add_alarm_at_force_in_context
 .text.alarm_pool_add_alarm_at
                0x10000a60       0x38 CMakeFiles/MyBlinkerWithRTTMods.dir/home/phillip/.pico-sdk/sdk/2.3.0/src/common/pico_time/time.c.o
                0x10000a60                alarm_pool_add_alarm_at
 .text.add_alarm_at
                0x10000a98       0x26 CMakeFiles/MyBlinkerWithRTTMods.dir/home/phillip/.pico-sdk/sdk/2.3.0/src/common/pico_time/time.c.o
 .text.alarm_pool_cancel_alarm
                0x10000abe       0x72 CMakeFiles/MyBlinkerWithRTTMods.dir/home/phillip/.pico-sdk/sdk/2.3.0/src/common/pico_time/time.c.o
                0x10000abe                alarm_pool_cancel_alarm
 .text.cancel_alarm
                0x10000b30       0x10 CMakeFiles/MyBlinkerWithRTTMods.dir/home/phillip/.pico-sdk/sdk/2.3.0/src/common/pico_time/time.c.o
 .text.sleep_until
                0x10000b40       0xc8 CMakeFiles/MyBlinkerWithRTTMods.dir/home/phillip/.pico-sdk/sdk/2.3.0/src/common/pico_time/time.c.o
                0x10000b40                sleep_until
 .text.sleep_us
                0x10000c08       0x24 CMakeFiles/MyBlinkerWithRTTMods.dir/home/phillip/.pico-sdk/sdk/2.3.0/src/common/pico_time/time.c.o
                0x10000c08                sleep_us
 .text.sleep_ms
                0x10000c2c       0x28 CMakeFiles/MyBlinkerWithRTTMods.dir/home/phillip/.pico-sdk/sdk/2.3.0/src/common/pico_time/time.c.o
                0x10000c2c                sleep_ms
 .text.best_effort_wfe_or_timeout
                0x10000c54      0x118 CMakeFiles/MyBlinkerWithRTTMods.dir/home/phillip/.pico-sdk/sdk/2.3.0/src/common/pico_time/time.c.o
                0x10000c54                best_effort_wfe_or_timeout
 .text.alarm_pool_get_default_timer
                0x10000d6c        0x8 CMakeFiles/MyBlinkerWithRTTMods.dir/home/phillip/.pico-sdk/sdk/2.3.0/src/common/pico_time/time.c.o
                0x10000d6c                alarm_pool_get_default_timer
 .text.runtime_init_default_alarm_pool
                0x10000d74       0x34 CMakeFiles/MyBlinkerWithRTTMods.dir/home/phillip/.pico-sdk/sdk/2.3.0/src/common/pico_time/time.c.o
                0x10000d74                runtime_init_default_alarm_pool
 .text.timer_hardware_alarm_claim
                0x10000da8       0x24 CMakeFiles/MyBlinkerWithRTTMods.dir/home/phillip/.pico-sdk/sdk/2.3.0/src/rp2_common/hardware_timer/timer.c.o
                0x10000da8                timer_hardware_alarm_claim
 .text.timer_time_us_64
                0x10000dcc       0x10 CMakeFiles/MyBlinkerWithRTTMods.dir/home/phillip/.pico-sdk/sdk/2.3.0/src/rp2_common/hardware_timer/timer.c.o
                0x10000dcc                timer_time_us_64
 .text.timer_busy_wait_until
                0x10000ddc       0x1a CMakeFiles/MyBlinkerWithRTTMods.dir/home/phillip/.pico-sdk/sdk/2.3.0/src/rp2_common/hardware_timer/timer.c.o
                0x10000ddc                timer_busy_wait_until
 .text.timer_busy_wait_us
                0x10000df6       0x28 CMakeFiles/MyBlinkerWithRTTMods.dir/home/phillip/.pico-sdk/sdk/2.3.0/src/rp2_common/hardware_timer/timer.c.o
                0x10000df6                timer_busy_wait_us
 *fill*         0x10000e1e        0x2 
 .text.time_us_64
                0x10000e20       0x10 CMakeFiles/MyBlinkerWithRTTMods.dir/home/phillip/.pico-sdk/sdk/2.3.0/src/rp2_common/hardware_timer/timer.c.o
                0x10000e20                time_us_64
 .text.busy_wait_us
                0x10000e30       0x14 CMakeFiles/MyBlinkerWithRTTMods.dir/home/phillip/.pico-sdk/sdk/2.3.0/src/rp2_common/hardware_timer/timer.c.o
                0x10000e30                busy_wait_us
 .text.busy_wait_until
                0x10000e44       0x14 CMakeFiles/MyBlinkerWithRTTMods.dir/home/phillip/.pico-sdk/sdk/2.3.0/src/rp2_common/hardware_timer/timer.c.o
                0x10000e44                busy_wait_until
 .text.clock_configure_internal
                0x10000e58       0xbc CMakeFiles/MyBlinkerWithRTTMods.dir/home/phillip/.pico-sdk/sdk/2.3.0/src/rp2_common/hardware_clocks/clocks.c.o
 .text.clock_configure_undivided
                0x10000f14       0x14 CMakeFiles/MyBlinkerWithRTTMods.dir/home/phillip/.pico-sdk/sdk/2.3.0/src/rp2_common/hardware_clocks/clocks.c.o
                0x10000f14                clock_configure_undivided
 .text.clock_get_hz
                0x10000f28        0xc CMakeFiles/MyBlinkerWithRTTMods.dir/home/phillip/.pico-sdk/sdk/2.3.0/src/rp2_common/hardware_clocks/clocks.c.o
                0x10000f28                clock_get_hz
 .text.pll_init
                0x10000f34      0x108 CMakeFiles/MyBlinkerWithRTTMods.dir/home/phillip/.pico-sdk/sdk/2.3.0/src/rp2_common/hardware_pll/pll.c.o
                0x10000f34                pll_init
 .text.tick_start
                0x1000103c       0x1c CMakeFiles/MyBlinkerWithRTTMods.dir/home/phillip/.pico-sdk/sdk/2.3.0/src/rp2_common/hardware_ticks/ticks.c.o
                0x1000103c                tick_start
 .text.rom_func_lookup
                0x10001058       0x1e CMakeFiles/MyBlinkerWithRTTMods.dir/home/phillip/.pico-sdk/sdk/2.3.0/src/rp2_common/pico_bootrom/bootrom.c.o
                0x10001058                rom_func_lookup
 *fill*         0x10001076        0x2 
 .text.runtime_init_bootrom_locking_enable
                0x10001078       0x14 CMakeFiles/MyBlinkerWithRTTMods.dir/home/phillip/.pico-sdk/sdk/2.3.0/src/rp2_common/pico_bootrom/bootrom_lock.c.o
                0x10001078                runtime_init_bootrom_locking_enable
 .text.boot_locks_reset
                0x1000108c       0x20 CMakeFiles/MyBlinkerWithRTTMods.dir/home/phillip/.pico-sdk/sdk/2.3.0/src/rp2_common/hardware_boot_lock/boot_lock.c.o
                0x1000108c                boot_locks_reset
 .text.runtime_init_boot_locks_reset
                0x100010ac        0x8 CMakeFiles/MyBlinkerWithRTTMods.dir/home/phillip/.pico-sdk/sdk/2.3.0/src/rp2_common/hardware_boot_lock/boot_lock.c.o
                0x100010ac                runtime_init_boot_locks_reset
 .text.xosc_init
                0x100010b4       0x28 CMakeFiles/MyBlinkerWithRTTMods.dir/home/phillip/.pico-sdk/sdk/2.3.0/src/rp2_common/hardware_xosc/xosc.c.o
                0x100010b4                xosc_init
 .text.runtime_run_initializers_from
                0x100010dc       0x18 CMakeFiles/MyBlinkerWithRTTMods.dir/home/phillip/.pico-sdk/sdk/2.3.0/src/rp2_common/pico_runtime/runtime.c.o
 .text.first_per_core_initializer
                0x100010f4        0x2 CMakeFiles/MyBlinkerWithRTTMods.dir/home/phillip/.pico-sdk/sdk/2.3.0/src/rp2_common/pico_runtime/runtime.c.o
 *fill*         0x100010f6        0x2 
 .text.runtime_run_initializers
                0x100010f8       0x10 CMakeFiles/MyBlinkerWithRTTMods.dir/home/phillip/.pico-sdk/sdk/2.3.0/src/rp2_common/pico_runtime/runtime.c.o
                0x100010f8                runtime_run_initializers
 .text.runtime_init_early_resets
                0x10001108       0x2c CMakeFiles/MyBlinkerWithRTTMods.dir/home/phillip/.pico-sdk/sdk/2.3.0/src/rp2_common/pico_runtime_init/runtime_init.c.o
                0x10001108                runtime_init_early_resets
 .text.runtime_init_usb_power_down
                0x10001134       0x20 CMakeFiles/MyBlinkerWithRTTMods.dir/home/phillip/.pico-sdk/sdk/2.3.0/src/rp2_common/pico_runtime_init/runtime_init.c.o
                0x10001134                runtime_init_usb_power_down
 .text.runtime_init_per_core_enable_coprocessors
                0x10001154       0x1c CMakeFiles/MyBlinkerWithRTTMods.dir/home/phillip/.pico-sdk/sdk/2.3.0/src/rp2_common/pico_runtime_init/runtime_init.c.o
                0x10001154                runtime_init_per_core_enable_coprocessors
 .text.runtime_init_post_clock_resets
                0x10001170       0x20 CMakeFiles/MyBlinkerWithRTTMods.dir/home/phillip/.pico-sdk/sdk/2.3.0/src/rp2_common/pico_runtime_init/runtime_init.c.o
                0x10001170                runtime_init_post_clock_resets
 .text.runtime_init_bootrom_reset
                0x10001190       0x12 CMakeFiles/MyBlinkerWithRTTMods.dir/home/phillip/.pico-sdk/sdk/2.3.0/src/rp2_common/pico_runtime_init/runtime_init.c.o
                0x10001190                runtime_init_bootrom_reset
 .text.runtime_init_per_core_bootrom_reset
                0x100011a2       0x12 CMakeFiles/MyBlinkerWithRTTMods.dir/home/phillip/.pico-sdk/sdk/2.3.0/src/rp2_common/pico_runtime_init/runtime_init.c.o
                0x100011a2                runtime_init_per_core_bootrom_reset
 .text.runtime_init_spin_locks_reset
                0x100011b4        0x8 CMakeFiles/MyBlinkerWithRTTMods.dir/home/phillip/.pico-sdk/sdk/2.3.0/src/rp2_common/pico_runtime_init/runtime_init.c.o
                0x100011b4                runtime_init_spin_locks_reset
 .text.runtime_init_install_ram_vector_table
                0x100011bc       0x48 CMakeFiles/MyBlinkerWithRTTMods.dir/home/phillip/.pico-sdk/sdk/2.3.0/src/rp2_common/pico_runtime_init/runtime_init.c.o
                0x100011bc                runtime_init_install_ram_vector_table
 .text.start_all_ticks
                0x10001204       0x28 CMakeFiles/MyBlinkerWithRTTMods.dir/home/phillip/.pico-sdk/sdk/2.3.0/src/rp2_common/pico_runtime_init/runtime_init_clocks.c.o
 .text.runtime_init_clocks
                0x1000122c       0xc4 CMakeFiles/MyBlinkerWithRTTMods.dir/home/phillip/.pico-sdk/sdk/2.3.0/src/rp2_common/pico_runtime_init/runtime_init_clocks.c.o
                0x1000122c                runtime_init_clocks
 .text.__rp2350_dcp_engaged_state_save_restore
                0x100012f0       0x3a CMakeFiles/MyBlinkerWithRTTMods.dir/home/phillip/.pico-sdk/sdk/2.3.0/src/rp2_common/pico_double/double_aeabi_dcp.S.o
 *fill*         0x1000132a        0x2 
 .text.__wrap___aeabi_dadd
                0x1000132c       0x28 CMakeFiles/MyBlinkerWithRTTMods.dir/home/phillip/.pico-sdk/sdk/2.3.0/src/rp2_common/pico_double/double_aeabi_dcp.S.o
                0x10001334                __wrap___aeabi_dadd
 .text.__wrap___aeabi_dsub
                0x10001354       0x28 CMakeFiles/MyBlinkerWithRTTMods.dir/home/phillip/.pico-sdk/sdk/2.3.0/src/rp2_common/pico_double/double_aeabi_dcp.S.o
                0x1000135c                __wrap___aeabi_dsub
 .text.__wrap___aeabi_dmul
                0x1000137c       0x48 CMakeFiles/MyBlinkerWithRTTMods.dir/home/phillip/.pico-sdk/sdk/2.3.0/src/rp2_common/pico_double/double_aeabi_dcp.S.o
                0x10001384                __wrap___aeabi_dmul
 .text.__wrap___aeabi_ddiv
                0x100013c4       0x9c CMakeFiles/MyBlinkerWithRTTMods.dir/home/phillip/.pico-sdk/sdk/2.3.0/src/rp2_common/pico_double/double_aeabi_dcp.S.o
                0x100013cc                __wrap___aeabi_ddiv
 .text.__wrap___aeabi_i2d
                0x10001460       0x24 CMakeFiles/MyBlinkerWithRTTMods.dir/home/phillip/.pico-sdk/sdk/2.3.0/src/rp2_common/pico_double/double_aeabi_dcp.S.o
                0x10001468                __wrap___aeabi_i2d
                0x10001468                int2double
 .text.__wrap___aeabi_ui2d
                0x10001484       0x24 CMakeFiles/MyBlinkerWithRTTMods.dir/home/phillip/.pico-sdk/sdk/2.3.0/src/rp2_common/pico_double/double_aeabi_dcp.S.o
                0x1000148c                __wrap___aeabi_ui2d
                0x1000148c                uint2double
 .text.__wrap___aeabi_d2iz
                0x100014a8       0x24 CMakeFiles/MyBlinkerWithRTTMods.dir/home/phillip/.pico-sdk/sdk/2.3.0/src/rp2_common/pico_double/double_aeabi_dcp.S.o
                0x100014b0                __wrap___aeabi_d2iz
                0x100014b0                double2int_z
 .text.__wrap___aeabi_d2uiz
                0x100014cc       0x24 CMakeFiles/MyBlinkerWithRTTMods.dir/home/phillip/.pico-sdk/sdk/2.3.0/src/rp2_common/pico_double/double_aeabi_dcp.S.o
                0x100014d4                double2uint_z
                0x100014d4                double2uint
                0x100014d4                __wrap___aeabi_d2uiz
 .text.__wrap___aeabi_dcmpun
                0x100014f0       0x24 CMakeFiles/MyBlinkerWithRTTMods.dir/home/phillip/.pico-sdk/sdk/2.3.0/src/rp2_common/pico_double/double_aeabi_dcp.S.o
                0x100014f8                __wrap___aeabi_dcmpun
 .text.__wrap___aeabi_dcmplt
                0x10001514       0x28 CMakeFiles/MyBlinkerWithRTTMods.dir/home/phillip/.pico-sdk/sdk/2.3.0/src/rp2_common/pico_double/double_aeabi_dcp.S.o
                0x1000151c                __wrap___aeabi_dcmplt
 .text.__wrap___aeabi_dcmple
                0x1000153c       0x28 CMakeFiles/MyBlinkerWithRTTMods.dir/home/phillip/.pico-sdk/sdk/2.3.0/src/rp2_common/pico_double/double_aeabi_dcp.S.o
                0x10001544                __wrap___aeabi_dcmple
 .text.__wrap___aeabi_dcmpge
                0x10001564       0x28 CMakeFiles/MyBlinkerWithRTTMods.dir/home/phillip/.pico-sdk/sdk/2.3.0/src/rp2_common/pico_double/double_aeabi_dcp.S.o
                0x1000156c                __wrap___aeabi_dcmpge
 .text.__wrap___aeabi_dcmpgt
                0x1000158c       0x28 CMakeFiles/MyBlinkerWithRTTMods.dir/home/phillip/.pico-sdk/sdk/2.3.0/src/rp2_common/pico_double/double_aeabi_dcp.S.o
                0x10001594                __wrap___aeabi_dcmpgt
 .text._out_null
                0x100015b4        0x2 CMakeFiles/MyBlinkerWithRTTMods.dir/home/phillip/.pico-sdk/sdk/2.3.0/src/rp2_common/pico_printf/printf.c.o
 .text._out_fct
                0x100015b6        0xe CMakeFiles/MyBlinkerWithRTTMods.dir/home/phillip/.pico-sdk/sdk/2.3.0/src/rp2_common/pico_printf/printf.c.o
 .text._atoi    0x100015c4       0x26 CMakeFiles/MyBlinkerWithRTTMods.dir/home/phillip/.pico-sdk/sdk/2.3.0/src/rp2_common/pico_printf/printf.c.o
 .text._out_rev
                0x100015ea       0x8e CMakeFiles/MyBlinkerWithRTTMods.dir/home/phillip/.pico-sdk/sdk/2.3.0/src/rp2_common/pico_printf/printf.c.o
 .text._ntoa_format
                0x10001678      0x15a CMakeFiles/MyBlinkerWithRTTMods.dir/home/phillip/.pico-sdk/sdk/2.3.0/src/rp2_common/pico_printf/printf.c.o
 .text._ntoa_long
                0x100017d2       0xa0 CMakeFiles/MyBlinkerWithRTTMods.dir/home/phillip/.pico-sdk/sdk/2.3.0/src/rp2_common/pico_printf/printf.c.o
 .text._ntoa_long_long
                0x10001872       0xc0 CMakeFiles/MyBlinkerWithRTTMods.dir/home/phillip/.pico-sdk/sdk/2.3.0/src/rp2_common/pico_printf/printf.c.o
 *fill*         0x10001932        0x6 
 .text._etoa    0x10001938      0x440 CMakeFiles/MyBlinkerWithRTTMods.dir/home/phillip/.pico-sdk/sdk/2.3.0/src/rp2_common/pico_printf/printf.c.o
 .text._ftoa    0x10001d78      0x394 CMakeFiles/MyBlinkerWithRTTMods.dir/home/phillip/.pico-sdk/sdk/2.3.0/src/rp2_common/pico_printf/printf.c.o
 .text._vsnprintf
                0x1000210c      0x624 CMakeFiles/MyBlinkerWithRTTMods.dir/home/phillip/.pico-sdk/sdk/2.3.0/src/rp2_common/pico_printf/printf.c.o
 .text.vfctprintf
                0x10002730       0x20 CMakeFiles/MyBlinkerWithRTTMods.dir/home/phillip/.pico-sdk/sdk/2.3.0/src/rp2_common/pico_printf/printf.c.o
                0x10002730                vfctprintf
 .text._exit    0x10002750        0x4 CMakeFiles/MyBlinkerWithRTTMods.dir/home/phillip/.pico-sdk/sdk/2.3.0/src/rp2_common/pico_clib_interface/newlib_interface.c.o
                0x10002750                _exit
 .text._fini    0x10002754        0x2 CMakeFiles/MyBlinkerWithRTTMods.dir/home/phillip/.pico-sdk/sdk/2.3.0/src/rp2_common/pico_clib_interface/newlib_interface.c.o
                0x10002754                _fini
 .text.exit     0x10002756        0x6 CMakeFiles/MyBlinkerWithRTTMods.dir/home/phillip/.pico-sdk/sdk/2.3.0/src/rp2_common/pico_clib_interface/newlib_interface.c.o
                0x10002756                exit
 .text.__assert_func
                0x1000275c       0x38 CMakeFiles/MyBlinkerWithRTTMods.dir/home/phillip/.pico-sdk/sdk/2.3.0/src/rp2_common/pico_clib_interface/newlib_interface.c.o
                0x1000275c                __assert_func
 .text.runtime_init
                0x10002794       0x2c CMakeFiles/MyBlinkerWithRTTMods.dir/home/phillip/.pico-sdk/sdk/2.3.0/src/rp2_common/pico_clib_interface/newlib_interface.c.o
                0x10002794                runtime_init
 .text.stdio_out_chars_no_crlf
                0x100027c0        0xe CMakeFiles/MyBlinkerWithRTTMods.dir/home/phillip/.pico-sdk/sdk/2.3.0/src/rp2_common/pico_stdio/stdio.c.o
 *fill*         0x100027ce        0x2 
 .text.stdio_out_chars_crlf
                0x100027d0       0x7c CMakeFiles/MyBlinkerWithRTTMods.dir/home/phillip/.pico-sdk/sdk/2.3.0/src/rp2_common/pico_stdio/stdio.c.o
 .text.stdio_stack_buffer_flush
                0x1000284c       0x40 CMakeFiles/MyBlinkerWithRTTMods.dir/home/phillip/.pico-sdk/sdk/2.3.0/src/rp2_common/pico_stdio/stdio.c.o
 .text.stdio_buffered_printer
                0x1000288c       0x1a CMakeFiles/MyBlinkerWithRTTMods.dir/home/phillip/.pico-sdk/sdk/2.3.0/src/rp2_common/pico_stdio/stdio.c.o
 *fill*         0x100028a6        0x2 
 .text.stdout_serialize_begin
                0x100028a8       0x2c CMakeFiles/MyBlinkerWithRTTMods.dir/home/phillip/.pico-sdk/sdk/2.3.0/src/rp2_common/pico_stdio/stdio.c.o
                0x100028a8                stdout_serialize_begin
 .text.stdout_serialize_end
                0x100028d4       0x10 CMakeFiles/MyBlinkerWithRTTMods.dir/home/phillip/.pico-sdk/sdk/2.3.0/src/rp2_common/pico_stdio/stdio.c.o
                0x100028d4                stdout_serialize_end
 .text.stdio_put_string
                0x100028e4       0x88 CMakeFiles/MyBlinkerWithRTTMods.dir/home/phillip/.pico-sdk/sdk/2.3.0/src/rp2_common/pico_stdio/stdio.c.o
                0x100028e4                stdio_put_string
 .text.stdio_get_until
                0x1000296c       0x6c CMakeFiles/MyBlinkerWithRTTMods.dir/home/phillip/.pico-sdk/sdk/2.3.0/src/rp2_common/pico_stdio/stdio.c.o
                0x1000296c                stdio_get_until
 .text.stdio_set_driver_enabled
                0x100029d8       0x28 CMakeFiles/MyBlinkerWithRTTMods.dir/home/phillip/.pico-sdk/sdk/2.3.0/src/rp2_common/pico_stdio/stdio.c.o
                0x100029d8                stdio_set_driver_enabled
 .text.stdio_flush
                0x10002a00       0x1c CMakeFiles/MyBlinkerWithRTTMods.dir/home/phillip/.pico-sdk/sdk/2.3.0/src/rp2_common/pico_stdio/stdio.c.o
                0x10002a00                stdio_flush
 .text.stdio_getchar_timeout_us
                0x10002a1c       0x50 CMakeFiles/MyBlinkerWithRTTMods.dir/home/phillip/.pico-sdk/sdk/2.3.0/src/rp2_common/pico_stdio/stdio.c.o
                0x10002a1c                stdio_getchar_timeout_us
 .text.__wrap_puts
                0x10002a6c       0x1e CMakeFiles/MyBlinkerWithRTTMods.dir/home/phillip/.pico-sdk/sdk/2.3.0/src/rp2_common/pico_stdio/stdio.c.o
                0x10002a6c                __wrap_puts
                0x10002a6c                stdio_puts
 *fill*         0x10002a8a        0x2 
 .text.__wrap_vprintf
                0x10002a8c       0x40 CMakeFiles/MyBlinkerWithRTTMods.dir/home/phillip/.pico-sdk/sdk/2.3.0/src/rp2_common/pico_stdio/stdio.c.o
                0x10002a8c                __wrap_vprintf
                0x10002a8c                stdio_vprintf
 .text.__wrap_printf
                0x10002acc       0x1c CMakeFiles/MyBlinkerWithRTTMods.dir/home/phillip/.pico-sdk/sdk/2.3.0/src/rp2_common/pico_stdio/stdio.c.o
                0x10002acc                stdio_printf
                0x10002acc                __wrap_printf
 .text.stdio_rtt_in_chars
                0x10002ae8        0xe CMakeFiles/MyBlinkerWithRTTMods.dir/home/phillip/.pico-sdk/sdk/2.3.0/src/rp2_common/pico_stdio_rtt/stdio_rtt.c.o
 .text.stdio_rtt_out_chars
                0x10002af6        0xe CMakeFiles/MyBlinkerWithRTTMods.dir/home/phillip/.pico-sdk/sdk/2.3.0/src/rp2_common/pico_stdio_rtt/stdio_rtt.c.o
 .text.stdio_rtt_init
                0x10002b04       0x1c CMakeFiles/MyBlinkerWithRTTMods.dir/home/phillip/.pico-sdk/sdk/2.3.0/src/rp2_common/pico_stdio_rtt/stdio_rtt.c.o
                0x10002b04                stdio_rtt_init
 .text._GetAvailWriteSpace
                0x10002b20       0x18 CMakeFiles/MyBlinkerWithRTTMods.dir/home/phillip/.pico-sdk/sdk/2.3.0/src/rp2_common/pico_stdio_rtt/SEGGER/RTT/SEGGER_RTT.c.o
 .text._WriteNoCheck
                0x10002b38       0x4c CMakeFiles/MyBlinkerWithRTTMods.dir/home/phillip/.pico-sdk/sdk/2.3.0/src/rp2_common/pico_stdio_rtt/SEGGER/RTT/SEGGER_RTT.c.o
 .text._WriteBlocking
                0x10002b84       0x62 CMakeFiles/MyBlinkerWithRTTMods.dir/home/phillip/.pico-sdk/sdk/2.3.0/src/rp2_common/pico_stdio_rtt/SEGGER/RTT/SEGGER_RTT.c.o
 *fill*         0x10002be6        0x2 
 .text._DoInit  0x10002be8       0x6c CMakeFiles/MyBlinkerWithRTTMods.dir/home/phillip/.pico-sdk/sdk/2.3.0/src/rp2_common/pico_stdio_rtt/SEGGER/RTT/SEGGER_RTT.c.o
 .text.SEGGER_RTT_ReadNoLock
                0x10002c54       0xa4 CMakeFiles/MyBlinkerWithRTTMods.dir/home/phillip/.pico-sdk/sdk/2.3.0/src/rp2_common/pico_stdio_rtt/SEGGER/RTT/SEGGER_RTT.c.o
                0x10002c54                SEGGER_RTT_ReadNoLock
 .text.SEGGER_RTT_Read
                0x10002cf8       0x1c CMakeFiles/MyBlinkerWithRTTMods.dir/home/phillip/.pico-sdk/sdk/2.3.0/src/rp2_common/pico_stdio_rtt/SEGGER/RTT/SEGGER_RTT.c.o
                0x10002cf8                SEGGER_RTT_Read
 .text.SEGGER_RTT_WriteNoLock
                0x10002d14       0x78 CMakeFiles/MyBlinkerWithRTTMods.dir/home/phillip/.pico-sdk/sdk/2.3.0/src/rp2_common/pico_stdio_rtt/SEGGER/RTT/SEGGER_RTT.c.o
                0x10002d14                SEGGER_RTT_WriteNoLock
 .text.SEGGER_RTT_Write
                0x10002d8c       0x38 CMakeFiles/MyBlinkerWithRTTMods.dir/home/phillip/.pico-sdk/sdk/2.3.0/src/rp2_common/pico_stdio_rtt/SEGGER/RTT/SEGGER_RTT.c.o
                0x10002d8c                SEGGER_RTT_Write
 .text.SEGGER_RTT_Init
                0x10002dc4        0x8 CMakeFiles/MyBlinkerWithRTTMods.dir/home/phillip/.pico-sdk/sdk/2.3.0/src/rp2_common/pico_stdio_rtt/SEGGER/RTT/SEGGER_RTT.c.o
                0x10002dc4                SEGGER_RTT_Init
 .text.strlen   0x10002dcc       0x5c /home/phillip/.pico-sdk/toolchain/15_2_Rel1/bin/../lib/gcc/arm-none-eabi/15.2.1/../../../../arm-none-eabi/lib/thumb/v8-m.main+fp/softfp/libg.a(libc_a-strlen-stub.o)
                0x10002dcc                strlen
 .text.strlen.__stub
                0x10002e28       0x28 linker stubs
 *(.fini)
 *crtbegin.o(.ctors)
 *crtbegin?.o(.ctors)
 *(EXCLUDE_FILE(*crtend.o *crtend?.o) .ctors)
 *(SORT_BY_NAME(.ctors.*))
 *(.ctors)
 *crtbegin.o(.dtors)
 *crtbegin?.o(.dtors)
 *(EXCLUDE_FILE(*crtend.o *crtend?.o) .dtors)
 *(SORT_BY_NAME(.dtors.*))
 *(.dtors)
                0x10002e50                        . = ALIGN (0x4)
                [!provide]                        PROVIDE (__bothinit_array_start = .)
                0x10002e50                        PROVIDE (__preinit_array_start = .)
 *(SORT_BY_NAME(.preinit_array.*))
 .preinit_array.00050
                0x10002e50        0x4 CMakeFiles/MyBlinkerWithRTTMods.dir/home/phillip/.pico-sdk/sdk/2.3.0/src/rp2_common/pico_runtime_init/runtime_init.c.o
                0x10002e50                __pre_init_runtime_init_bootrom_reset
 .preinit_array.00100
                0x10002e54        0x4 CMakeFiles/MyBlinkerWithRTTMods.dir/home/phillip/.pico-sdk/sdk/2.3.0/src/rp2_common/pico_runtime_init/runtime_init.c.o
                0x10002e54                __pre_init_runtime_init_early_resets
 .preinit_array.00101
                0x10002e58        0x4 CMakeFiles/MyBlinkerWithRTTMods.dir/home/phillip/.pico-sdk/sdk/2.3.0/src/rp2_common/pico_runtime_init/runtime_init.c.o
                0x10002e58                __pre_init_runtime_init_usb_power_down
 .preinit_array.00500
                0x10002e5c        0x4 CMakeFiles/MyBlinkerWithRTTMods.dir/home/phillip/.pico-sdk/sdk/2.3.0/src/rp2_common/pico_runtime_init/runtime_init.c.o
                0x10002e5c                __pre_init_runtime_init_clocks
 .preinit_array.00600
                0x10002e60        0x4 CMakeFiles/MyBlinkerWithRTTMods.dir/home/phillip/.pico-sdk/sdk/2.3.0/src/rp2_common/pico_runtime_init/runtime_init.c.o
                0x10002e60                __pre_init_runtime_init_post_clock_resets
 .preinit_array.01000
                0x10002e64        0x4 CMakeFiles/MyBlinkerWithRTTMods.dir/home/phillip/.pico-sdk/sdk/2.3.0/src/rp2_common/hardware_boot_lock/boot_lock.c.o
                0x10002e64                __pre_init_runtime_init_boot_locks_reset
 .preinit_array.01000
                0x10002e68        0x4 CMakeFiles/MyBlinkerWithRTTMods.dir/home/phillip/.pico-sdk/sdk/2.3.0/src/rp2_common/pico_runtime_init/runtime_init.c.o
                0x10002e68                __pre_init_runtime_init_spin_locks_reset
 .preinit_array.01010
                0x10002e6c        0x4 CMakeFiles/MyBlinkerWithRTTMods.dir/home/phillip/.pico-sdk/sdk/2.3.0/src/rp2_common/pico_bootrom/bootrom_lock.c.o
                0x10002e6c                __pre_init_runtime_init_bootrom_locking_enable
 .preinit_array.01100
                0x10002e70        0x4 CMakeFiles/MyBlinkerWithRTTMods.dir/home/phillip/.pico-sdk/sdk/2.3.0/src/common/pico_sync/mutex.c.o
                0x10002e70                __pre_init_runtime_init_mutex
 .preinit_array.10080
                0x10002e74        0x4 CMakeFiles/MyBlinkerWithRTTMods.dir/home/phillip/.pico-sdk/sdk/2.3.0/src/rp2_common/pico_runtime_init/runtime_init.c.o
                0x10002e74                __pre_init_runtime_init_install_ram_vector_table
 .preinit_array.11000
                0x10002e78        0x4 CMakeFiles/MyBlinkerWithRTTMods.dir/home/phillip/.pico-sdk/sdk/2.3.0/src/common/pico_time/time.c.o
                0x10002e78                __pre_init_runtime_init_default_alarm_pool
 .preinit_array.YYYYY
                0x10002e7c        0x4 CMakeFiles/MyBlinkerWithRTTMods.dir/home/phillip/.pico-sdk/sdk/2.3.0/src/rp2_common/pico_runtime/runtime.c.o
                0x10002e7c                __pre_init_first_per_core_initializer
 .preinit_array.ZZZZZ.00051
                0x10002e80        0x4 CMakeFiles/MyBlinkerWithRTTMods.dir/home/phillip/.pico-sdk/sdk/2.3.0/src/rp2_common/pico_runtime_init/runtime_init.c.o
                0x10002e80                __pre_init_runtime_init_per_core_bootrom_reset
 .preinit_array.ZZZZZ.00200
                0x10002e84        0x4 CMakeFiles/MyBlinkerWithRTTMods.dir/home/phillip/.pico-sdk/sdk/2.3.0/src/rp2_common/pico_runtime_init/runtime_init.c.o
                0x10002e84                __pre_init_runtime_init_per_core_enable_coprocessors
 .preinit_array.ZZZZZ.01000
                0x10002e88        0x4 CMakeFiles/MyBlinkerWithRTTMods.dir/home/phillip/.pico-sdk/sdk/2.3.0/src/rp2_common/hardware_sync_spin_lock/sync_spin_lock.c.o
                0x10002e88                __pre_init_spinlock_set_extexclall
 .preinit_array.ZZZZZ.01200
                0x10002e8c        0x4 CMakeFiles/MyBlinkerWithRTTMods.dir/home/phillip/.pico-sdk/sdk/2.3.0/src/rp2_common/hardware_irq/irq.c.o
                0x10002e8c                __pre_init_runtime_init_per_core_irq_priorities
 *(.preinit_array)
                0x10002e90                        PROVIDE (__preinit_array_end = .)
                0x10002e90                        . = ALIGN (0x4)
                0x10002e90                        PROVIDE (__init_array_start = .)
 *(SORT_BY_NAME(.init_array.*))
 *(.init_array)
                0x10002e90                        PROVIDE (__init_array_end = .)
                [!provide]                        PROVIDE (__bothinit_array_end = .)
                0x10002e90                        . = ALIGN (0x4)
                [!provide]                        PROVIDE (__fini_array_start = .)
 *(SORT_BY_NAME(.fini_array.*))
 *(.fini_array)
                [!provide]                        PROVIDE (__fini_array_end = .)
                [!provide]                        PROVIDE (__dso_handle = 0x0)
 *(.eh_frame*)
                0x10002e90                        . = ALIGN (0x4)

.glue_7         0x10002e90        0x0
 .glue_7        0x10002e90        0x0 linker stubs

.glue_7t        0x10002e90        0x0
 .glue_7t       0x10002e90        0x0 linker stubs

.vfp11_veneer   0x10002e90        0x0
 .vfp11_veneer  0x10002e90        0x0 linker stubs

.v4_bx          0x10002e90        0x0
 .v4_bx         0x10002e90        0x0 linker stubs

.iplt           0x10002e90        0x0
 .iplt          0x10002e90        0x0 CMakeFiles/MyBlinkerWithRTTMods.dir/MyBlinkerWithRTTMods.cpp.o

.boot2          0x10002e90        0x0
                0x10002e90                        __boot2_start__ = .
 *(.boot2)
                0x10002e90                        __boot2_end__ = .
                0x00000001                        ASSERT (((__boot2_end__ - __boot2_start__) <= 0x100), ERROR: Pico second stage bootloader must be no more than 256 bytes in size)

.rodata         0x10002e90      0x638
 *(EXCLUDE_FILE(*libm.a: *lib*_a-mem*.o *libc.a: *libgcc.a:) .rodata*)
 .rodata.main.str1.4
                0x10002e90      0x4b5 CMakeFiles/MyBlinkerWithRTTMods.dir/MyBlinkerWithRTTMods.cpp.o
                                 0x32 (size before relaxing)
 .rodata.panic.str1.4
                0x10003345        0x0 CMakeFiles/MyBlinkerWithRTTMods.dir/home/phillip/.pico-sdk/sdk/2.3.0/src/rp2_common/pico_platform_panic/panic.c.o
                                 0x11 (size before relaxing)
 .rodata.resolve_j_16.str1.4
                0x10003345        0x0 CMakeFiles/MyBlinkerWithRTTMods.dir/home/phillip/.pico-sdk/sdk/2.3.0/src/rp2_common/hardware_irq/irq.c.o
                                 0x5c (size before relaxing)
 .rodata.irq_set_exclusive_handler.str1.4
                0x10003345        0x0 CMakeFiles/MyBlinkerWithRTTMods.dir/home/phillip/.pico-sdk/sdk/2.3.0/src/rp2_common/hardware_irq/irq.c.o
                                 0x36 (size before relaxing)
 *fill*         0x10003345        0x3 
 .rodata.__func__.6
                0x10003348       0x1a CMakeFiles/MyBlinkerWithRTTMods.dir/home/phillip/.pico-sdk/sdk/2.3.0/src/rp2_common/hardware_irq/irq.c.o
 .rodata.runtime_init_mutex.str1.4
                0x10003362        0x0 CMakeFiles/MyBlinkerWithRTTMods.dir/home/phillip/.pico-sdk/sdk/2.3.0/src/common/pico_sync/mutex.c.o
                                 0x5f (size before relaxing)
 .rodata.str1.4
                0x10003362        0x0 CMakeFiles/MyBlinkerWithRTTMods.dir/home/phillip/.pico-sdk/sdk/2.3.0/src/common/pico_sync/mutex.c.o
                                 0x51 (size before relaxing)
 *fill*         0x10003362        0x2 
 .rodata.__func__.1
                0x10003364        0xb CMakeFiles/MyBlinkerWithRTTMods.dir/home/phillip/.pico-sdk/sdk/2.3.0/src/common/pico_sync/mutex.c.o
 *fill*         0x1000336f        0x1 
 .rodata.__func__.3
                0x10003370       0x18 CMakeFiles/MyBlinkerWithRTTMods.dir/home/phillip/.pico-sdk/sdk/2.3.0/src/common/pico_sync/mutex.c.o
 .rodata.__func__.6
                0x10003388       0x13 CMakeFiles/MyBlinkerWithRTTMods.dir/home/phillip/.pico-sdk/sdk/2.3.0/src/common/pico_sync/mutex.c.o
 .rodata.alarm_pool_irq_handler.str1.4
                0x1000339b        0x0 CMakeFiles/MyBlinkerWithRTTMods.dir/home/phillip/.pico-sdk/sdk/2.3.0/src/common/pico_time/time.c.o
                                 0x6a (size before relaxing)
 .rodata.alarm_pool_get_default.str1.4
                0x1000339b        0x0 CMakeFiles/MyBlinkerWithRTTMods.dir/home/phillip/.pico-sdk/sdk/2.3.0/src/common/pico_time/time.c.o
                                 0x21 (size before relaxing)
 .rodata.sleep_until.str1.4
                0x1000339b        0x0 CMakeFiles/MyBlinkerWithRTTMods.dir/home/phillip/.pico-sdk/sdk/2.3.0/src/common/pico_time/time.c.o
                                 0x4d (size before relaxing)
 *fill*         0x1000339b        0x1 
 .rodata.__func__.2
                0x1000339c       0x17 CMakeFiles/MyBlinkerWithRTTMods.dir/home/phillip/.pico-sdk/sdk/2.3.0/src/common/pico_time/time.c.o
 *fill*         0x100033b3        0x1 
 .rodata.__func__.3
                0x100033b4       0x17 CMakeFiles/MyBlinkerWithRTTMods.dir/home/phillip/.pico-sdk/sdk/2.3.0/src/common/pico_time/time.c.o
 .rodata.timer_hardware_alarm_claim.str1.4
                0x100033cb        0x0 CMakeFiles/MyBlinkerWithRTTMods.dir/home/phillip/.pico-sdk/sdk/2.3.0/src/rp2_common/hardware_timer/timer.c.o
                                 0x22 (size before relaxing)
 .rodata.pll_init.str1.4
                0x100033cb        0x0 CMakeFiles/MyBlinkerWithRTTMods.dir/home/phillip/.pico-sdk/sdk/2.3.0/src/rp2_common/hardware_pll/pll.c.o
                                0x118 (size before relaxing)
 *fill*         0x100033cb        0x1 
 .rodata.__func__.0
                0x100033cc        0x9 CMakeFiles/MyBlinkerWithRTTMods.dir/home/phillip/.pico-sdk/sdk/2.3.0/src/rp2_common/hardware_pll/pll.c.o
 .rodata.str1.4
                0x100033d5        0x0 CMakeFiles/MyBlinkerWithRTTMods.dir/home/phillip/.pico-sdk/sdk/2.3.0/src/rp2_common/pico_standard_binary_info/standard_binary_info.c.o
                                 0x50 (size before relaxing)
 *fill*         0x100033d5        0x3 
 .rodata.__bi_84
                0x100033d8        0xc CMakeFiles/MyBlinkerWithRTTMods.dir/home/phillip/.pico-sdk/sdk/2.3.0/src/rp2_common/pico_standard_binary_info/standard_binary_info.c.o
 .rodata.__bi_78
                0x100033e4        0xc CMakeFiles/MyBlinkerWithRTTMods.dir/home/phillip/.pico-sdk/sdk/2.3.0/src/rp2_common/pico_standard_binary_info/standard_binary_info.c.o
 .rodata.__bi_60
                0x100033f0        0xc CMakeFiles/MyBlinkerWithRTTMods.dir/home/phillip/.pico-sdk/sdk/2.3.0/src/rp2_common/pico_standard_binary_info/standard_binary_info.c.o
 .rodata.__bi_54
                0x100033fc        0xc CMakeFiles/MyBlinkerWithRTTMods.dir/home/phillip/.pico-sdk/sdk/2.3.0/src/rp2_common/pico_standard_binary_info/standard_binary_info.c.o
 .rodata.__bi_48
                0x10003408        0xc CMakeFiles/MyBlinkerWithRTTMods.dir/home/phillip/.pico-sdk/sdk/2.3.0/src/rp2_common/pico_standard_binary_info/standard_binary_info.c.o
 .rodata.__bi_42
                0x10003414        0xc CMakeFiles/MyBlinkerWithRTTMods.dir/home/phillip/.pico-sdk/sdk/2.3.0/src/rp2_common/pico_standard_binary_info/standard_binary_info.c.o
 .rodata.__bi_34
                0x10003420        0xc CMakeFiles/MyBlinkerWithRTTMods.dir/home/phillip/.pico-sdk/sdk/2.3.0/src/rp2_common/pico_standard_binary_info/standard_binary_info.c.o
 .rodata.__bi_26
                0x1000342c        0xc CMakeFiles/MyBlinkerWithRTTMods.dir/home/phillip/.pico-sdk/sdk/2.3.0/src/rp2_common/pico_standard_binary_info/standard_binary_info.c.o
 .rodata._ftoa.str1.4
                0x10003438        0x0 CMakeFiles/MyBlinkerWithRTTMods.dir/home/phillip/.pico-sdk/sdk/2.3.0/src/rp2_common/pico_printf/printf.c.o
                                 0x15 (size before relaxing)
 .rodata.pow10.0
                0x10003438       0x50 CMakeFiles/MyBlinkerWithRTTMods.dir/home/phillip/.pico-sdk/sdk/2.3.0/src/rp2_common/pico_printf/printf.c.o
 .rodata.__assert_func.str1.4
                0x10003488        0x0 CMakeFiles/MyBlinkerWithRTTMods.dir/home/phillip/.pico-sdk/sdk/2.3.0/src/rp2_common/pico_clib_interface/newlib_interface.c.o
                                 0x43 (size before relaxing)
 .rodata.stdio_getchar_timeout_us.str1.4
                0x10003488        0x0 CMakeFiles/MyBlinkerWithRTTMods.dir/home/phillip/.pico-sdk/sdk/2.3.0/src/rp2_common/pico_stdio/stdio.c.o
                                 0x48 (size before relaxing)
 .rodata.__func__.1
                0x10003488       0x19 CMakeFiles/MyBlinkerWithRTTMods.dir/home/phillip/.pico-sdk/sdk/2.3.0/src/rp2_common/pico_stdio/stdio.c.o
 *fill*         0x100034a1        0x3 
 .rodata.crlf_str.0
                0x100034a4        0x2 CMakeFiles/MyBlinkerWithRTTMods.dir/home/phillip/.pico-sdk/sdk/2.3.0/src/rp2_common/pico_stdio/stdio.c.o
 .rodata.str1.4
                0x100034a6        0x0 CMakeFiles/MyBlinkerWithRTTMods.dir/home/phillip/.pico-sdk/sdk/2.3.0/src/rp2_common/pico_stdio_rtt/stdio_rtt.c.o
                                 0x13 (size before relaxing)
 *fill*         0x100034a6        0x2 
 .rodata.__bi_21.0
                0x100034a8        0xc CMakeFiles/MyBlinkerWithRTTMods.dir/home/phillip/.pico-sdk/sdk/2.3.0/src/rp2_common/pico_stdio_rtt/stdio_rtt.c.o
 .rodata._DoInit.str1.4
                0x100034b4        0x0 CMakeFiles/MyBlinkerWithRTTMods.dir/home/phillip/.pico-sdk/sdk/2.3.0/src/rp2_common/pico_stdio_rtt/SEGGER/RTT/SEGGER_RTT.c.o
                                  0x9 (size before relaxing)
 .rodata._aInitStr.0
                0x100034b4       0x11 CMakeFiles/MyBlinkerWithRTTMods.dir/home/phillip/.pico-sdk/sdk/2.3.0/src/rp2_common/pico_stdio_rtt/SEGGER/RTT/SEGGER_RTT.c.o
 *(.srodata*)
                0x100034c8                        . = ALIGN (0x4)
 *fill*         0x100034c5        0x3 
 *(SORT_BY_ALIGNMENT(SORT_BY_NAME(.flashdata*)))
                0x100034c8                        . = ALIGN (0x4)

.ARM.extab
 *(.ARM.extab* .gnu.linkonce.armextab.*)
                0x100034c8                        __exidx_start = .

.ARM.exidx      0x100034c8        0x8
 *(.ARM.exidx* .gnu.linkonce.armexidx.*)
 .ARM.exidx.text.__udivmoddi4
                0x100034c8        0x8 /home/phillip/.pico-sdk/toolchain/15_2_Rel1/bin/../lib/gcc/arm-none-eabi/15.2.1/thumb/v8-m.main+fp/softfp/libgcc.a(_udivmoddi4.o)
 .ARM.exidx     0x100034d0        0x0 /home/phillip/.pico-sdk/toolchain/15_2_Rel1/bin/../lib/gcc/arm-none-eabi/15.2.1/../../../../arm-none-eabi/lib/thumb/v8-m.main+fp/softfp/libg.a(libc_a-memcpy.o)
                                  0x8 (size before relaxing)
                0x100034d0                        __exidx_end = .
                0x100034d0                        . = ALIGN (0x4)
                0x100034d0                        __binary_info_start = .

.binary_info    0x100034d0       0x24
 *(.binary_info.keep.*)
 .binary_info.keep.__bi_ptr84
                0x100034d0        0x4 CMakeFiles/MyBlinkerWithRTTMods.dir/home/phillip/.pico-sdk/sdk/2.3.0/src/rp2_common/pico_standard_binary_info/standard_binary_info.c.o
 .binary_info.keep.__bi_ptr78
                0x100034d4        0x4 CMakeFiles/MyBlinkerWithRTTMods.dir/home/phillip/.pico-sdk/sdk/2.3.0/src/rp2_common/pico_standard_binary_info/standard_binary_info.c.o
 .binary_info.keep.__bi_ptr60
                0x100034d8        0x4 CMakeFiles/MyBlinkerWithRTTMods.dir/home/phillip/.pico-sdk/sdk/2.3.0/src/rp2_common/pico_standard_binary_info/standard_binary_info.c.o
 .binary_info.keep.__bi_ptr54
                0x100034dc        0x4 CMakeFiles/MyBlinkerWithRTTMods.dir/home/phillip/.pico-sdk/sdk/2.3.0/src/rp2_common/pico_standard_binary_info/standard_binary_info.c.o
 .binary_info.keep.__bi_ptr48
                0x100034e0        0x4 CMakeFiles/MyBlinkerWithRTTMods.dir/home/phillip/.pico-sdk/sdk/2.3.0/src/rp2_common/pico_standard_binary_info/standard_binary_info.c.o
 .binary_info.keep.__bi_ptr42
                0x100034e4        0x4 CMakeFiles/MyBlinkerWithRTTMods.dir/home/phillip/.pico-sdk/sdk/2.3.0/src/rp2_common/pico_standard_binary_info/standard_binary_info.c.o
 .binary_info.keep.__bi_ptr34
                0x100034e8        0x4 CMakeFiles/MyBlinkerWithRTTMods.dir/home/phillip/.pico-sdk/sdk/2.3.0/src/rp2_common/pico_standard_binary_info/standard_binary_info.c.o
 .binary_info.keep.__bi_ptr26
                0x100034ec        0x4 CMakeFiles/MyBlinkerWithRTTMods.dir/home/phillip/.pico-sdk/sdk/2.3.0/src/rp2_common/pico_standard_binary_info/standard_binary_info.c.o
 *(.binary_info.*)
 .binary_info.__bi_ptr21
                0x100034f0        0x4 CMakeFiles/MyBlinkerWithRTTMods.dir/home/phillip/.pico-sdk/sdk/2.3.0/src/rp2_common/pico_stdio_rtt/stdio_rtt.c.o
                0x100034f4                        __binary_info_end = .
                0x100034f4                        . = ALIGN (0x4)

.psram_load     0x11000000        0x0 load address 0x100034f4
                0x11000000                        __psram_start__ = .
                0x11000000                        __psram_load_start__ = .
 *(SORT_BY_NAME(.psram_initialised.*))
                0x11000000                        . = ALIGN (0x4)
                0x11000000                        __psram_load_end__ = .
                0x100034f4                        __psram_load_source__ = LOADADDR (.psram_load)

.psram_noload   0x11000000        0x0 load address 0x100034f4
 *(SORT_BY_NAME(.psram_uninitialised.*))
                0x11000000                        . = ALIGN (0x4)
                0x11000000                        __psram_end__ = .

.xip_ram        0x13ffc000        0x0 load address 0x100034f4
                0x13ffc000                        __xip_ram_start__ = .
                0x13ffc000                        . = ALIGN (0x4)
 *(.xip_ram*)
                0x13ffc000                        . = ALIGN (0x4)
                0x13ffc000                        __xip_ram_end__ = .
                0x100034f4                        __xip_ram_source__ = LOADADDR (.xip_ram)

.ram_vector_table
                0x20000000      0x110
 *(.ram_vector_table)
 .ram_vector_table
                0x20000000      0x110 CMakeFiles/MyBlinkerWithRTTMods.dir/home/phillip/.pico-sdk/sdk/2.3.0/src/rp2_common/pico_runtime_init/runtime_init.c.o
                0x20000000                ram_vector_table

.uninitialized_data
                0x20000110        0x0
                0x20000110                        . = ALIGN (0x4)
 *(.uninitialized_data*)

.data           0x20000110      0x6d0 load address 0x100034f4
                0x20000110                        __data_start__ = .
 *(vtable)
 *(.time_critical*)
 .time_critical.mutex_try_enter
                0x20000110       0x56 CMakeFiles/MyBlinkerWithRTTMods.dir/home/phillip/.pico-sdk/sdk/2.3.0/src/common/pico_sync/mutex.c.o
                0x20000110                mutex_try_enter
 *fill*         0x20000166        0x2 
 .time_critical.mutex_enter_block_until
                0x20000168       0x9c CMakeFiles/MyBlinkerWithRTTMods.dir/home/phillip/.pico-sdk/sdk/2.3.0/src/common/pico_sync/mutex.c.o
                0x20000168                mutex_enter_block_until
 .time_critical.mutex_try_enter_block_until
                0x20000204       0x32 CMakeFiles/MyBlinkerWithRTTMods.dir/home/phillip/.pico-sdk/sdk/2.3.0/src/common/pico_sync/mutex.c.o
                0x20000204                mutex_try_enter_block_until
 *fill*         0x20000236        0x2 
 .time_critical.mutex_exit
                0x20000238       0x68 CMakeFiles/MyBlinkerWithRTTMods.dir/home/phillip/.pico-sdk/sdk/2.3.0/src/common/pico_sync/mutex.c.o
                0x20000238                mutex_exit
 *(.text*)
 .text          0x200002a0       0x30 /home/phillip/.pico-sdk/toolchain/15_2_Rel1/bin/../lib/gcc/arm-none-eabi/15.2.1/thumb/v8-m.main+fp/softfp/libgcc.a(_aeabi_uldivmod.o)
                0x200002a0                __aeabi_uldivmod
 .text.__udivmoddi4
                0x200002d0      0x340 /home/phillip/.pico-sdk/toolchain/15_2_Rel1/bin/../lib/gcc/arm-none-eabi/15.2.1/thumb/v8-m.main+fp/softfp/libgcc.a(_udivmoddi4.o)
                0x200002d0                __udivmoddi4
 .text          0x20000610        0x4 /home/phillip/.pico-sdk/toolchain/15_2_Rel1/bin/../lib/gcc/arm-none-eabi/15.2.1/thumb/v8-m.main+fp/softfp/libgcc.a(_dvmd_tls.o)
                0x20000610                __aeabi_ldiv0
                0x20000610                __aeabi_idiv0
 .text.memset   0x20000614       0x88 /home/phillip/.pico-sdk/toolchain/15_2_Rel1/bin/../lib/gcc/arm-none-eabi/15.2.1/../../../../arm-none-eabi/lib/thumb/v8-m.main+fp/softfp/libg.a(libc_a-memset.o)
                0x20000614                memset
 .text          0x2000069c       0xec /home/phillip/.pico-sdk/toolchain/15_2_Rel1/bin/../lib/gcc/arm-none-eabi/15.2.1/../../../../arm-none-eabi/lib/thumb/v8-m.main+fp/softfp/libg.a(libc_a-memcpy.o)
                0x2000069c                memcpy
 .text.__stub   0x20000788       0x10 linker stubs
                0x20000798                        . = ALIGN (0x4)
 *(.rodata*)
                0x20000798                        . = ALIGN (0x4)
                [!provide]                        PROVIDE (__emutls_array_start = .)
 *(.*.__emutls_v.*)
                [!provide]                        PROVIDE (__emutls_array_end = .)
                0x20000798                        . = ALIGN (0x4)
 *(.data*)
 .data.striped_spin_lock_num
                0x20000798        0x1 CMakeFiles/MyBlinkerWithRTTMods.dir/home/phillip/.pico-sdk/sdk/2.3.0/src/rp2_common/hardware_sync/sync.c.o
 *fill*         0x20000799        0x7 
 .data.last_added.0
                0x200007a0        0x8 CMakeFiles/MyBlinkerWithRTTMods.dir/home/phillip/.pico-sdk/sdk/2.3.0/src/common/pico_time/time.c.o
 .data.default_alarm_pool
                0x200007a8       0x18 CMakeFiles/MyBlinkerWithRTTMods.dir/home/phillip/.pico-sdk/sdk/2.3.0/src/common/pico_time/time.c.o
 .data.stdio_rtt
                0x200007c0       0x18 CMakeFiles/MyBlinkerWithRTTMods.dir/home/phillip/.pico-sdk/sdk/2.3.0/src/rp2_common/pico_stdio_rtt/stdio_rtt.c.o
                0x200007c0                stdio_rtt
 *(.sdata*)
                0x200007d8                        . = ALIGN (0x4)
 *(.after_data.*)
                0x200007d8                        . = ALIGN (0x4)
                0x200007d8                        PROVIDE (__mutex_array_start = .)
 *(SORT_BY_NAME(.mutex_array.*))
 *(.mutex_array)
 .mutex_array   0x200007d8        0x8 CMakeFiles/MyBlinkerWithRTTMods.dir/home/phillip/.pico-sdk/sdk/2.3.0/src/rp2_common/pico_stdio/stdio.c.o
                0x200007e0                        PROVIDE (__mutex_array_end = .)
 *(.jcr)
                0x200007e0                        . = ALIGN (0x4)

.igot.plt       0x200007e0        0x0 load address 0x10003bc4
 .igot.plt      0x200007e0        0x0 CMakeFiles/MyBlinkerWithRTTMods.dir/MyBlinkerWithRTTMods.cpp.o

.tdata          0x200007e0        0x0 load address 0x10003bc4
                0x200007e0                        . = ALIGN (0x4)
 *(.tdata .tdata.* .gnu.linkonce.td.*)
                0x200007e0                        __tdata_end = .
                0x200007e0                        PROVIDE (__data_end__ = .)
                0x100034f4                        __etext = LOADADDR (.data)
                0x200007e0                        . = ALIGN (0x4)

.tbss           0x200007e0        0x0 load address 0x10003bc4
                0x200007e0                        __bss_start__ = .
                0x200007e0                        __tls_base = .
 *(.tbss .tbss.* .gnu.linkonce.tb.*)
 *(.tcommon)
                0x200007e0                        . = ALIGN (0x4)
                0x200007e0                        __tls_end = .

.tbss_space     0x200007e0        0x0 load address 0x10003bc4
                0x200007e0                        . = (__bss_start__ + SIZEOF (.tbss))

.bss            0x200007e0      0x6b4 load address 0x10003bc4
                0x200007e0                        . = ALIGN (0x4)
                0x200007e0                        __tbss_end = .
 *(SORT_BY_ALIGNMENT(SORT_BY_NAME(.bss*)))
 .bss.default_alarm_pool_entries
                0x200007e0      0x180 CMakeFiles/MyBlinkerWithRTTMods.dir/home/phillip/.pico-sdk/sdk/2.3.0/src/common/pico_time/time.c.o
 .bss._SEGGER_RTT
                0x20000960       0xa8 CMakeFiles/MyBlinkerWithRTTMods.dir/home/phillip/.pico-sdk/sdk/2.3.0/src/rp2_common/pico_stdio_rtt/SEGGER/RTT/SEGGER_RTT.c.o
                0x20000960                _SEGGER_RTT
 .bss._acDownBuffer
                0x20000a08       0x10 CMakeFiles/MyBlinkerWithRTTMods.dir/home/phillip/.pico-sdk/sdk/2.3.0/src/rp2_common/pico_stdio_rtt/SEGGER/RTT/SEGGER_RTT.c.o
 .bss._acUpBuffer
                0x20000a18      0x400 CMakeFiles/MyBlinkerWithRTTMods.dir/home/phillip/.pico-sdk/sdk/2.3.0/src/rp2_common/pico_stdio_rtt/SEGGER/RTT/SEGGER_RTT.c.o
 .bss._sw_spin_locks
                0x20000e18       0x20 CMakeFiles/MyBlinkerWithRTTMods.dir/home/phillip/.pico-sdk/sdk/2.3.0/src/rp2_common/hardware_sync_spin_lock/sync_spin_lock.c.o
                0x20000e18                _sw_spin_locks
 .bss.claimed   0x20000e38        0x2 CMakeFiles/MyBlinkerWithRTTMods.dir/home/phillip/.pico-sdk/sdk/2.3.0/src/rp2_common/hardware_timer/timer.c.o
 *fill*         0x20000e3a        0x2 
 .bss.configured_freq
                0x20000e3c       0x28 CMakeFiles/MyBlinkerWithRTTMods.dir/home/phillip/.pico-sdk/sdk/2.3.0/src/rp2_common/hardware_clocks/clocks.c.o
 .bss.drivers   0x20000e64        0x4 CMakeFiles/MyBlinkerWithRTTMods.dir/home/phillip/.pico-sdk/sdk/2.3.0/src/rp2_common/pico_stdio/stdio.c.o
 .bss.filter    0x20000e68        0x4 CMakeFiles/MyBlinkerWithRTTMods.dir/home/phillip/.pico-sdk/sdk/2.3.0/src/rp2_common/pico_stdio/stdio.c.o
 .bss.pools     0x20000e6c       0x20 CMakeFiles/MyBlinkerWithRTTMods.dir/home/phillip/.pico-sdk/sdk/2.3.0/src/common/pico_time/time.c.o
 .bss.sleep_notifier
                0x20000e8c        0x4 CMakeFiles/MyBlinkerWithRTTMods.dir/home/phillip/.pico-sdk/sdk/2.3.0/src/common/pico_time/time.c.o
 .bss.lock_internal_notify_count
                0x20000e90        0x1 CMakeFiles/MyBlinkerWithRTTMods.dir/home/phillip/.pico-sdk/sdk/2.3.0/src/common/pico_sync/lock_core.c.o
                0x20000e90                lock_internal_notify_count
 *(COMMON)
                [!provide]                        PROVIDE (__global_pointer$ = (. + 0x800))
 *(.sbss*)
                0x20000e94                        . = ALIGN (0x4)
 *fill*         0x20000e91        0x3 
                0x20000e94                        __bss_end__ = .
                [!provide]                        PROVIDE (__tls_start = SIZEOF (.tdata)?ADDR (.tdata):ADDR (.tbss))
                [!provide]                        PROVIDE (__tls_size = (__tls_end - __tls_start))
                0x00000001                        PROVIDE (__tls_align = MAX (ALIGNOF (.tdata), ALIGNOF (.tbss)))
                [!provide]                        PROVIDE (__tls_size_align = ALIGN (__tls_size, __tls_align))
                0x00000008                        PROVIDE (__arm32_tls_tcb_offset = MAX (0x8, __tls_align))
                0x00000000                        PROVIDE (__tdata_size = SIZEOF (.tdata))
                0x10003bc4                        PROVIDE (__tdata_source = LOADADDR (.tdata))
                0x00000000                        PROVIDE (__tbss_size = SIZEOF (.tbss))
                [!provide]                        PROVIDE (__tbss_offset = (ADDR (.tbss) - __tls_start))

.tlsX_not_needed_marker
 *(.tlsX_not_needed_marker)
                [!provide]                        PROVIDE (__tlsX_align = (SIZEOF (.tlsX_not_needed_marker) > 0x0)?0x4:__tls_align)
                [!provide]                        PROVIDE (__tlsX_size_align = (SIZEOF (.tlsX_not_needed_marker) > 0x0)?0x0:__tls_size_align)
                0x200007e0                        __tls_start = DEFINED (__tls_start)?__tls_start:SIZEOF (.tdata)?ADDR (.tdata):ADDR (.tbss)
                0x00000000                        __tls_size = DEFINED (__tls_size)?__tls_size:(__tls_end - __tls_start)
                0x00000001                        __tls_align = DEFINED (__tls_align)?__tls_align:MAX (ALIGNOF (.tdata), ALIGNOF (.tbss))
                0x00000000                        __tls_size_align = DEFINED (__tls_size_align)?__tls_size_align:ALIGN (__tls_size, __tls_align)
                0x00000008                        __arm32_tls_tcb_offset = DEFINED (__arm32_tls_tcb_offset)?__arm32_tls_tcb_offset:MAX (0x8, __tls_align)
                0x00000000                        __tdata_size = DEFINED (__tdata_size)?__tdata_size:SIZEOF (.tdata)
                0x10003bc4                        __tdata_source = DEFINED (__tdata_source)?__tdata_source:LOADADDR (.tdata)
                0x00000000                        __tbss_size = DEFINED (__tbss_size)?__tbss_size:SIZEOF (.tbss)
                0x00000000                        __tbss_offset = DEFINED (__tbss_offset)?__tbss_offset:(ADDR (.tbss) - __tls_start)
                0x00000001                        __tlsX_align = DEFINED (__tlsX_align)?__tlsX_align:(SIZEOF (.tlsX_not_needed_marker) > 0x0)?0x4:__tls_align
                0x00000000                        __tlsX_size_align = DEFINED (__tlsX_size_align)?__tlsX_size_align:(SIZEOF (.tlsX_not_needed_marker) > 0x0)?0x0:__tls_size_align

.tls0           0x20000e94        0x0 load address 0x10003bc4
                0x20000e94                        . = ALIGN (__tlsX_align)
                0x20000e94                        PROVIDE (__tls0_base = .)
                0x20000e94                        . = (. + __tlsX_size_align)

.tls1           0x20000e94        0x0 load address 0x10003bc4
                0x20000e94                        . = ALIGN (__tlsX_align)
                0x20000e94                        PROVIDE (__tls1_base = .)
                0x20000e94                        . = (. + __tlsX_size_align)

.persistent_data
                0x20000e94        0x0 load address 0x10003bc4
                0x20000e94                        __persistent_data_start__ = .
 *(.persistent_data*)
                0x20000e94                        . = ALIGN (0x4)
                [!provide]                        PROVIDE (__persistent_data_end__ = .)

.dummy_pre_heap
                0x20000e94        0x0 load address 0x10003bc4
                0x20000e94                        . = .

.heap           0x20000e94      0x800
                0x20000e94                        __end__ = .
                0x20000e94                        end = __end__
 *(.heap*)
 .heap          0x20000e94      0x800 CMakeFiles/MyBlinkerWithRTTMods.dir/home/phillip/.pico-sdk/sdk/2.3.0/src/rp2_common/pico_crt0/crt0.S.o
                0x20080000                        __HeapLimit = DEFINED (HEAP_LIMIT)?HEAP_LIMIT:(ORIGIN (RAM) + LENGTH (RAM))

.scratch_x      0x20080000        0x0 load address 0x10003bc4
                0x20080000                        __scratch_x_start__ = .
 *(.scratch_x.*)
                0x20080000                        . = ALIGN (0x4)
                0x20080000                        __scratch_x_end__ = .
                0x10003bc4                        __scratch_x_source__ = LOADADDR (.scratch_x)

.scratch_y      0x20081000        0x0 load address 0x10003bc4
                0x20081000                        __scratch_y_start__ = .
 *(.scratch_y.*)
                0x20081000                        . = ALIGN (0x4)
                0x20081000                        __scratch_y_end__ = .
                0x10003bc4                        __scratch_y_source__ = LOADADDR (.scratch_y)

.stack1_dummy
 *(.stack1*)

.stack_dummy    0x20081000      0x800
 *(.stack*)
 .stack         0x20081000      0x800 CMakeFiles/MyBlinkerWithRTTMods.dir/home/phillip/.pico-sdk/sdk/2.3.0/src/rp2_common/pico_crt0/crt0.S.o

.flash_end      0x10003bc4       0x14
 *(.embedded_end_block*)
 .embedded_end_block
                0x10003bc4       0x14 CMakeFiles/MyBlinkerWithRTTMods.dir/home/phillip/.pico-sdk/sdk/2.3.0/src/rp2_common/pico_crt0/crt0.S.o
                0x10003bd8                        PROVIDE (__flash_binary_end = .)
                0x20080000                        __StackLimit = (ORIGIN (RAM) + LENGTH (RAM))
                0x20081000                        __StackOneTop = (ORIGIN (SCRATCH_X) + LENGTH (SCRATCH_X))
                0x20082000                        __StackTop = (ORIGIN (SCRATCH_Y) + LENGTH (SCRATCH_Y))
                0x20081000                        __StackOneBottom = (__StackOneTop - SIZEOF (.stack1_dummy))
                0x20081800                        __StackBottom = (__StackTop - SIZEOF (.stack_dummy))
                [!provide]                        PROVIDE (__stack = __StackTop)
                [!provide]                        PROVIDE (__heap_start = __end__)
                [!provide]                        PROVIDE (__heap_end = __HeapLimit)
                0x00000001                        PROVIDE (__tls_align = MAX (ALIGNOF (.tdata), ALIGNOF (.tbss)))
                [!provide]                        PROVIDE (__tls_size_align = (((__tls_size + __tls_align) - 0x1) & ~ ((__tls_align - 0x1))))
                0x00000008                        PROVIDE (__arm32_tls_tcb_offset = MAX (0x8, __tls_align))
                [!provide]                        PROVIDE (_end = __end__)
                [!provide]                        PROVIDE (__llvm_libc_heap_limit = __HeapLimit)
                0x00000001                        ASSERT ((__StackLimit >= __HeapLimit), region RAM overflowed)
                0x00000001                        ASSERT (((__binary_info_header_end - __logical_binary_start) <= 0x400), Binary info must be in first 1024 bytes of the binary)
                0x00000001                        ASSERT (((__embedded_block_end - __logical_binary_start) <= 0x1000), Embedded block must be in first 4096 bytes of the binary)
OUTPUT(MyBlinkerWithRTTMods.elf elf32-littlearm)
LOAD linker stubs

.rel.dyn        0x10003bd8        0x0
 .rel.iplt      0x10003bd8        0x0 CMakeFiles/MyBlinkerWithRTTMods.dir/MyBlinkerWithRTTMods.cpp.o

.debug_info     0x00000000    0x1a473
 .debug_info    0x00000000      0x52d CMakeFiles/MyBlinkerWithRTTMods.dir/MyBlinkerWithRTTMods.cpp.o
 .debug_info    0x0000052d     0x1d3f CMakeFiles/MyBlinkerWithRTTMods.dir/home/phillip/.pico-sdk/sdk/2.3.0/src/rp2_common/hardware_gpio/gpio.c.o
 .debug_info    0x0000226c      0x1b4 CMakeFiles/MyBlinkerWithRTTMods.dir/home/phillip/.pico-sdk/sdk/2.3.0/src/rp2_common/pico_platform_panic/panic.c.o
 .debug_info    0x00002420      0x73a CMakeFiles/MyBlinkerWithRTTMods.dir/home/phillip/.pico-sdk/sdk/2.3.0/src/common/hardware_claim/claim.c.o
 .debug_info    0x00002b5a      0x47c CMakeFiles/MyBlinkerWithRTTMods.dir/home/phillip/.pico-sdk/sdk/2.3.0/src/rp2_common/hardware_sync/sync.c.o
 .debug_info    0x00002fd6     0x1448 CMakeFiles/MyBlinkerWithRTTMods.dir/home/phillip/.pico-sdk/sdk/2.3.0/src/rp2_common/hardware_sync_spin_lock/sync_spin_lock.c.o
 .debug_info    0x0000441e     0x24d5 CMakeFiles/MyBlinkerWithRTTMods.dir/home/phillip/.pico-sdk/sdk/2.3.0/src/rp2_common/hardware_irq/irq.c.o
 .debug_info    0x000068f3      0x33a CMakeFiles/MyBlinkerWithRTTMods.dir/home/phillip/.pico-sdk/sdk/2.3.0/src/common/pico_sync/lock_core.c.o
 .debug_info    0x00006c2d     0x1f71 CMakeFiles/MyBlinkerWithRTTMods.dir/home/phillip/.pico-sdk/sdk/2.3.0/src/common/pico_sync/mutex.c.o
 .debug_info    0x00008b9e     0x3848 CMakeFiles/MyBlinkerWithRTTMods.dir/home/phillip/.pico-sdk/sdk/2.3.0/src/common/pico_time/time.c.o
 .debug_info    0x0000c3e6     0x1e7f CMakeFiles/MyBlinkerWithRTTMods.dir/home/phillip/.pico-sdk/sdk/2.3.0/src/rp2_common/hardware_timer/timer.c.o
 .debug_info    0x0000e265     0x1cff CMakeFiles/MyBlinkerWithRTTMods.dir/home/phillip/.pico-sdk/sdk/2.3.0/src/rp2_common/hardware_clocks/clocks.c.o
 .debug_info    0x0000ff64      0x688 CMakeFiles/MyBlinkerWithRTTMods.dir/home/phillip/.pico-sdk/sdk/2.3.0/src/rp2_common/hardware_pll/pll.c.o
 .debug_info    0x000105ec      0x2d6 CMakeFiles/MyBlinkerWithRTTMods.dir/home/phillip/.pico-sdk/sdk/2.3.0/src/rp2_common/hardware_ticks/ticks.c.o
 .debug_info    0x000108c2     0x107d CMakeFiles/MyBlinkerWithRTTMods.dir/home/phillip/.pico-sdk/sdk/2.3.0/src/rp2_common/pico_bootrom/bootrom.c.o
 .debug_info    0x0001193f      0x1d5 CMakeFiles/MyBlinkerWithRTTMods.dir/home/phillip/.pico-sdk/sdk/2.3.0/src/rp2_common/pico_bootrom/bootrom_lock.c.o
 .debug_info    0x00011b14      0x334 CMakeFiles/MyBlinkerWithRTTMods.dir/home/phillip/.pico-sdk/sdk/2.3.0/src/rp2_common/hardware_boot_lock/boot_lock.c.o
 .debug_info    0x00011e48      0x1b5 CMakeFiles/MyBlinkerWithRTTMods.dir/home/phillip/.pico-sdk/sdk/2.3.0/src/rp2_common/hardware_xosc/xosc.c.o
 .debug_info    0x00011ffd      0x1bc CMakeFiles/MyBlinkerWithRTTMods.dir/home/phillip/.pico-sdk/sdk/2.3.0/src/rp2_common/pico_runtime/runtime.c.o
 .debug_info    0x000121b9     0x1b86 CMakeFiles/MyBlinkerWithRTTMods.dir/home/phillip/.pico-sdk/sdk/2.3.0/src/rp2_common/pico_runtime_init/runtime_init.c.o
 .debug_info    0x00013d3f      0x7ae CMakeFiles/MyBlinkerWithRTTMods.dir/home/phillip/.pico-sdk/sdk/2.3.0/src/rp2_common/pico_runtime_init/runtime_init_clocks.c.o
 .debug_info    0x000144ed       0x23 CMakeFiles/MyBlinkerWithRTTMods.dir/home/phillip/.pico-sdk/sdk/2.3.0/src/rp2_common/pico_double/double_aeabi_dcp.S.o
 .debug_info    0x00014510      0x2d6 CMakeFiles/MyBlinkerWithRTTMods.dir/home/phillip/.pico-sdk/sdk/2.3.0/src/rp2_common/pico_standard_binary_info/standard_binary_info.c.o
 .debug_info    0x000147e6     0x197c CMakeFiles/MyBlinkerWithRTTMods.dir/home/phillip/.pico-sdk/sdk/2.3.0/src/rp2_common/pico_printf/printf.c.o
 .debug_info    0x00016162       0x23 CMakeFiles/MyBlinkerWithRTTMods.dir/home/phillip/.pico-sdk/sdk/2.3.0/src/rp2_common/pico_crt0/crt0.S.o
 .debug_info    0x00016185      0xc96 CMakeFiles/MyBlinkerWithRTTMods.dir/home/phillip/.pico-sdk/sdk/2.3.0/src/rp2_common/pico_clib_interface/newlib_interface.c.o
 .debug_info    0x00016e1b     0x147a CMakeFiles/MyBlinkerWithRTTMods.dir/home/phillip/.pico-sdk/sdk/2.3.0/src/rp2_common/pico_stdio/stdio.c.o
 .debug_info    0x00018295      0x409 CMakeFiles/MyBlinkerWithRTTMods.dir/home/phillip/.pico-sdk/sdk/2.3.0/src/rp2_common/pico_stdio_rtt/stdio_rtt.c.o
 .debug_info    0x0001869e     0x1dd5 CMakeFiles/MyBlinkerWithRTTMods.dir/home/phillip/.pico-sdk/sdk/2.3.0/src/rp2_common/pico_stdio_rtt/SEGGER/RTT/SEGGER_RTT.c.o

.debug_abbrev   0x00000000     0x4f12
 .debug_abbrev  0x00000000      0x21a CMakeFiles/MyBlinkerWithRTTMods.dir/MyBlinkerWithRTTMods.cpp.o
 .debug_abbrev  0x0000021a      0x474 CMakeFiles/MyBlinkerWithRTTMods.dir/home/phillip/.pico-sdk/sdk/2.3.0/src/rp2_common/hardware_gpio/gpio.c.o
 .debug_abbrev  0x0000068e      0x12d CMakeFiles/MyBlinkerWithRTTMods.dir/home/phillip/.pico-sdk/sdk/2.3.0/src/rp2_common/pico_platform_panic/panic.c.o
 .debug_abbrev  0x000007bb      0x2cb CMakeFiles/MyBlinkerWithRTTMods.dir/home/phillip/.pico-sdk/sdk/2.3.0/src/common/hardware_claim/claim.c.o
 .debug_abbrev  0x00000a86      0x1fa CMakeFiles/MyBlinkerWithRTTMods.dir/home/phillip/.pico-sdk/sdk/2.3.0/src/rp2_common/hardware_sync/sync.c.o
 .debug_abbrev  0x00000c80      0x2a7 CMakeFiles/MyBlinkerWithRTTMods.dir/home/phillip/.pico-sdk/sdk/2.3.0/src/rp2_common/hardware_sync_spin_lock/sync_spin_lock.c.o
 .debug_abbrev  0x00000f27      0x5f0 CMakeFiles/MyBlinkerWithRTTMods.dir/home/phillip/.pico-sdk/sdk/2.3.0/src/rp2_common/hardware_irq/irq.c.o
 .debug_abbrev  0x00001517      0x16a CMakeFiles/MyBlinkerWithRTTMods.dir/home/phillip/.pico-sdk/sdk/2.3.0/src/common/pico_sync/lock_core.c.o
 .debug_abbrev  0x00001681      0x43b CMakeFiles/MyBlinkerWithRTTMods.dir/home/phillip/.pico-sdk/sdk/2.3.0/src/common/pico_sync/mutex.c.o
 .debug_abbrev  0x00001abc      0x656 CMakeFiles/MyBlinkerWithRTTMods.dir/home/phillip/.pico-sdk/sdk/2.3.0/src/common/pico_time/time.c.o
 .debug_abbrev  0x00002112      0x4b7 CMakeFiles/MyBlinkerWithRTTMods.dir/home/phillip/.pico-sdk/sdk/2.3.0/src/rp2_common/hardware_timer/timer.c.o
 .debug_abbrev  0x000025c9      0x4c8 CMakeFiles/MyBlinkerWithRTTMods.dir/home/phillip/.pico-sdk/sdk/2.3.0/src/rp2_common/hardware_clocks/clocks.c.o
 .debug_abbrev  0x00002a91      0x1f8 CMakeFiles/MyBlinkerWithRTTMods.dir/home/phillip/.pico-sdk/sdk/2.3.0/src/rp2_common/hardware_pll/pll.c.o
 .debug_abbrev  0x00002c89      0x153 CMakeFiles/MyBlinkerWithRTTMods.dir/home/phillip/.pico-sdk/sdk/2.3.0/src/rp2_common/hardware_ticks/ticks.c.o
 .debug_abbrev  0x00002ddc      0x4aa CMakeFiles/MyBlinkerWithRTTMods.dir/home/phillip/.pico-sdk/sdk/2.3.0/src/rp2_common/pico_bootrom/bootrom.c.o
 .debug_abbrev  0x00003286      0x12b CMakeFiles/MyBlinkerWithRTTMods.dir/home/phillip/.pico-sdk/sdk/2.3.0/src/rp2_common/pico_bootrom/bootrom_lock.c.o
 .debug_abbrev  0x000033b1      0x200 CMakeFiles/MyBlinkerWithRTTMods.dir/home/phillip/.pico-sdk/sdk/2.3.0/src/rp2_common/hardware_boot_lock/boot_lock.c.o
 .debug_abbrev  0x000035b1      0x10b CMakeFiles/MyBlinkerWithRTTMods.dir/home/phillip/.pico-sdk/sdk/2.3.0/src/rp2_common/hardware_xosc/xosc.c.o
 .debug_abbrev  0x000036bc      0x149 CMakeFiles/MyBlinkerWithRTTMods.dir/home/phillip/.pico-sdk/sdk/2.3.0/src/rp2_common/pico_runtime/runtime.c.o
 .debug_abbrev  0x00003805      0x30a CMakeFiles/MyBlinkerWithRTTMods.dir/home/phillip/.pico-sdk/sdk/2.3.0/src/rp2_common/pico_runtime_init/runtime_init.c.o
 .debug_abbrev  0x00003b0f      0x2c4 CMakeFiles/MyBlinkerWithRTTMods.dir/home/phillip/.pico-sdk/sdk/2.3.0/src/rp2_common/pico_runtime_init/runtime_init_clocks.c.o
 .debug_abbrev  0x00003dd3       0x12 CMakeFiles/MyBlinkerWithRTTMods.dir/home/phillip/.pico-sdk/sdk/2.3.0/src/rp2_common/pico_double/double_aeabi_dcp.S.o
 .debug_abbrev  0x00003de5       0xb8 CMakeFiles/MyBlinkerWithRTTMods.dir/home/phillip/.pico-sdk/sdk/2.3.0/src/rp2_common/pico_standard_binary_info/standard_binary_info.c.o
 .debug_abbrev  0x00003e9d      0x38e CMakeFiles/MyBlinkerWithRTTMods.dir/home/phillip/.pico-sdk/sdk/2.3.0/src/rp2_common/pico_printf/printf.c.o
 .debug_abbrev  0x0000422b       0x12 CMakeFiles/MyBlinkerWithRTTMods.dir/home/phillip/.pico-sdk/sdk/2.3.0/src/rp2_common/pico_crt0/crt0.S.o
 .debug_abbrev  0x0000423d      0x373 CMakeFiles/MyBlinkerWithRTTMods.dir/home/phillip/.pico-sdk/sdk/2.3.0/src/rp2_common/pico_clib_interface/newlib_interface.c.o
 .debug_abbrev  0x000045b0      0x52e CMakeFiles/MyBlinkerWithRTTMods.dir/home/phillip/.pico-sdk/sdk/2.3.0/src/rp2_common/pico_stdio/stdio.c.o
 .debug_abbrev  0x00004ade      0x1d6 CMakeFiles/MyBlinkerWithRTTMods.dir/home/phillip/.pico-sdk/sdk/2.3.0/src/rp2_common/pico_stdio_rtt/stdio_rtt.c.o
 .debug_abbrev  0x00004cb4      0x25e CMakeFiles/MyBlinkerWithRTTMods.dir/home/phillip/.pico-sdk/sdk/2.3.0/src/rp2_common/pico_stdio_rtt/SEGGER/RTT/SEGGER_RTT.c.o

.debug_loclists
                0x00000000     0xa1c8
 .debug_loclists
                0x00000000      0x11c CMakeFiles/MyBlinkerWithRTTMods.dir/MyBlinkerWithRTTMods.cpp.o
 .debug_loclists
                0x0000011c      0xc39 CMakeFiles/MyBlinkerWithRTTMods.dir/home/phillip/.pico-sdk/sdk/2.3.0/src/rp2_common/hardware_gpio/gpio.c.o
 .debug_loclists
                0x00000d55      0x25d CMakeFiles/MyBlinkerWithRTTMods.dir/home/phillip/.pico-sdk/sdk/2.3.0/src/common/hardware_claim/claim.c.o
 .debug_loclists
                0x00000fb2       0xe6 CMakeFiles/MyBlinkerWithRTTMods.dir/home/phillip/.pico-sdk/sdk/2.3.0/src/rp2_common/hardware_sync/sync.c.o
 .debug_loclists
                0x00001098       0xa3 CMakeFiles/MyBlinkerWithRTTMods.dir/home/phillip/.pico-sdk/sdk/2.3.0/src/rp2_common/hardware_sync_spin_lock/sync_spin_lock.c.o
 .debug_loclists
                0x0000113b      0xd99 CMakeFiles/MyBlinkerWithRTTMods.dir/home/phillip/.pico-sdk/sdk/2.3.0/src/rp2_common/hardware_irq/irq.c.o
 .debug_loclists
                0x00001ed4       0x17 CMakeFiles/MyBlinkerWithRTTMods.dir/home/phillip/.pico-sdk/sdk/2.3.0/src/common/pico_sync/lock_core.c.o
 .debug_loclists
                0x00001eeb      0xa04 CMakeFiles/MyBlinkerWithRTTMods.dir/home/phillip/.pico-sdk/sdk/2.3.0/src/common/pico_sync/mutex.c.o
 .debug_loclists
                0x000028ef     0x19af CMakeFiles/MyBlinkerWithRTTMods.dir/home/phillip/.pico-sdk/sdk/2.3.0/src/common/pico_time/time.c.o
 .debug_loclists
                0x0000429e      0xb14 CMakeFiles/MyBlinkerWithRTTMods.dir/home/phillip/.pico-sdk/sdk/2.3.0/src/rp2_common/hardware_timer/timer.c.o
 .debug_loclists
                0x00004db2      0xb98 CMakeFiles/MyBlinkerWithRTTMods.dir/home/phillip/.pico-sdk/sdk/2.3.0/src/rp2_common/hardware_clocks/clocks.c.o
 .debug_loclists
                0x0000594a      0x447 CMakeFiles/MyBlinkerWithRTTMods.dir/home/phillip/.pico-sdk/sdk/2.3.0/src/rp2_common/hardware_pll/pll.c.o
 .debug_loclists
                0x00005d91       0x80 CMakeFiles/MyBlinkerWithRTTMods.dir/home/phillip/.pico-sdk/sdk/2.3.0/src/rp2_common/hardware_ticks/ticks.c.o
 .debug_loclists
                0x00005e11      0x809 CMakeFiles/MyBlinkerWithRTTMods.dir/home/phillip/.pico-sdk/sdk/2.3.0/src/rp2_common/pico_bootrom/bootrom.c.o
 .debug_loclists
                0x0000661a       0x8c CMakeFiles/MyBlinkerWithRTTMods.dir/home/phillip/.pico-sdk/sdk/2.3.0/src/rp2_common/hardware_boot_lock/boot_lock.c.o
 .debug_loclists
                0x000066a6       0x48 CMakeFiles/MyBlinkerWithRTTMods.dir/home/phillip/.pico-sdk/sdk/2.3.0/src/rp2_common/hardware_xosc/xosc.c.o
 .debug_loclists
                0x000066ee       0x58 CMakeFiles/MyBlinkerWithRTTMods.dir/home/phillip/.pico-sdk/sdk/2.3.0/src/rp2_common/pico_runtime/runtime.c.o
 .debug_loclists
                0x00006746       0xf8 CMakeFiles/MyBlinkerWithRTTMods.dir/home/phillip/.pico-sdk/sdk/2.3.0/src/rp2_common/pico_runtime_init/runtime_init.c.o
 .debug_loclists
                0x0000683e       0x64 CMakeFiles/MyBlinkerWithRTTMods.dir/home/phillip/.pico-sdk/sdk/2.3.0/src/rp2_common/pico_runtime_init/runtime_init_clocks.c.o
 .debug_loclists
                0x000068a2     0x14d0 CMakeFiles/MyBlinkerWithRTTMods.dir/home/phillip/.pico-sdk/sdk/2.3.0/src/rp2_common/pico_printf/printf.c.o
 .debug_loclists
                0x00007d72      0x431 CMakeFiles/MyBlinkerWithRTTMods.dir/home/phillip/.pico-sdk/sdk/2.3.0/src/rp2_common/pico_clib_interface/newlib_interface.c.o
 .debug_loclists
                0x000081a3      0x664 CMakeFiles/MyBlinkerWithRTTMods.dir/home/phillip/.pico-sdk/sdk/2.3.0/src/rp2_common/pico_stdio/stdio.c.o
 .debug_loclists
                0x00008807       0x9c CMakeFiles/MyBlinkerWithRTTMods.dir/home/phillip/.pico-sdk/sdk/2.3.0/src/rp2_common/pico_stdio_rtt/stdio_rtt.c.o
 .debug_loclists
                0x000088a3     0x1925 CMakeFiles/MyBlinkerWithRTTMods.dir/home/phillip/.pico-sdk/sdk/2.3.0/src/rp2_common/pico_stdio_rtt/SEGGER/RTT/SEGGER_RTT.c.o

.debug_aranges  0x00000000      0xd78
 .debug_aranges
                0x00000000       0x20 CMakeFiles/MyBlinkerWithRTTMods.dir/MyBlinkerWithRTTMods.cpp.o
 .debug_aranges
                0x00000020      0x118 CMakeFiles/MyBlinkerWithRTTMods.dir/home/phillip/.pico-sdk/sdk/2.3.0/src/rp2_common/hardware_gpio/gpio.c.o
 .debug_aranges
                0x00000138       0x28 CMakeFiles/MyBlinkerWithRTTMods.dir/home/phillip/.pico-sdk/sdk/2.3.0/src/rp2_common/pico_platform_panic/panic.c.o
 .debug_aranges
                0x00000160       0x48 CMakeFiles/MyBlinkerWithRTTMods.dir/home/phillip/.pico-sdk/sdk/2.3.0/src/common/hardware_claim/claim.c.o
 .debug_aranges
                0x000001a8       0x48 CMakeFiles/MyBlinkerWithRTTMods.dir/home/phillip/.pico-sdk/sdk/2.3.0/src/rp2_common/hardware_sync/sync.c.o
 .debug_aranges
                0x000001f0       0x30 CMakeFiles/MyBlinkerWithRTTMods.dir/home/phillip/.pico-sdk/sdk/2.3.0/src/rp2_common/hardware_sync_spin_lock/sync_spin_lock.c.o
 .debug_aranges
                0x00000220       0xf8 CMakeFiles/MyBlinkerWithRTTMods.dir/home/phillip/.pico-sdk/sdk/2.3.0/src/rp2_common/hardware_irq/irq.c.o
 .debug_aranges
                0x00000318       0x20 CMakeFiles/MyBlinkerWithRTTMods.dir/home/phillip/.pico-sdk/sdk/2.3.0/src/common/pico_sync/lock_core.c.o
 .debug_aranges
                0x00000338       0x98 CMakeFiles/MyBlinkerWithRTTMods.dir/home/phillip/.pico-sdk/sdk/2.3.0/src/common/pico_sync/mutex.c.o
 .debug_aranges
                0x000003d0      0x120 CMakeFiles/MyBlinkerWithRTTMods.dir/home/phillip/.pico-sdk/sdk/2.3.0/src/common/pico_time/time.c.o
 .debug_aranges
                0x000004f0       0xf0 CMakeFiles/MyBlinkerWithRTTMods.dir/home/phillip/.pico-sdk/sdk/2.3.0/src/rp2_common/hardware_timer/timer.c.o
 .debug_aranges
                0x000005e0       0xc8 CMakeFiles/MyBlinkerWithRTTMods.dir/home/phillip/.pico-sdk/sdk/2.3.0/src/rp2_common/hardware_clocks/clocks.c.o
 .debug_aranges
                0x000006a8       0x28 CMakeFiles/MyBlinkerWithRTTMods.dir/home/phillip/.pico-sdk/sdk/2.3.0/src/rp2_common/hardware_pll/pll.c.o
 .debug_aranges
                0x000006d0       0x30 CMakeFiles/MyBlinkerWithRTTMods.dir/home/phillip/.pico-sdk/sdk/2.3.0/src/rp2_common/hardware_ticks/ticks.c.o
 .debug_aranges
                0x00000700       0x80 CMakeFiles/MyBlinkerWithRTTMods.dir/home/phillip/.pico-sdk/sdk/2.3.0/src/rp2_common/pico_bootrom/bootrom.c.o
 .debug_aranges
                0x00000780       0x20 CMakeFiles/MyBlinkerWithRTTMods.dir/home/phillip/.pico-sdk/sdk/2.3.0/src/rp2_common/pico_bootrom/bootrom_lock.c.o
 .debug_aranges
                0x000007a0       0x30 CMakeFiles/MyBlinkerWithRTTMods.dir/home/phillip/.pico-sdk/sdk/2.3.0/src/rp2_common/hardware_boot_lock/boot_lock.c.o
 .debug_aranges
                0x000007d0       0x30 CMakeFiles/MyBlinkerWithRTTMods.dir/home/phillip/.pico-sdk/sdk/2.3.0/src/rp2_common/hardware_xosc/xosc.c.o
 .debug_aranges